app/admin/crm/form-questions/page.tsx(348,27): error TS2304: Cannot find name 'XLSX'.
app/admin/crm/form-questions/page.tsx(349,27): error TS2304: Cannot find name 'XLSX'.
app/admin/crm/form-questions/page.tsx(581,20): error TS2783: 'Content-Type' is specified more than once, so this usage will be overwritten.
app/admin/crm/form-questions/page.tsx(586,20): error TS2783: 'Content-Type' is specified more than once, so this usage will be overwritten.
app/admin/crm/form-questions/page.tsx(592,7): error TS2552: Cannot find name 'loadQuestions'. Did you mean 'loadingQuestions'?
app/admin/crm/form-questions/page.tsx(682,60): error TS2339: Property 'submissionCount' does not exist on type 'EnquiryForm'.
app/admin/crm/form-questions/page.tsx(990,165): error TS2345: Argument of type '"urlImage"' is not assignable to parameter of type '"qr" | "image" | "formImage"'.
app/admin/crm/form-questions/page.tsx(1051,36): error TS2345: Argument of type '(f: Partial<Question>) => { paymentConfig: any[]; _id?: string | undefined; fieldKey?: string | undefined; formId?: string | undefined; questionType?: QuestionType | undefined; ... 9 more ...; isActive?: boolean | undefined; }' is not assignable to parameter of type 'SetStateAction<Partial<Question>>'.
  Type '(f: Partial<Question>) => { paymentConfig: any[]; _id?: string | undefined; fieldKey?: string | undefined; formId?: string | undefined; questionType?: QuestionType | undefined; ... 9 more ...; isActive?: boolean | undefined; }' is not assignable to type '(prevState: Partial<Question>) => Partial<Question>'.
    Call signature return types '{ paymentConfig: any[]; _id?: string | undefined; fieldKey?: string | undefined; formId?: string | undefined; questionType?: QuestionType | undefined; label?: { en: string; hi?: string | undefined; mr?: string | undefined; } | undefined; ... 8 more ...; isActive?: boolean | undefined; }' and 'Partial<Question>' are incompatible.
      The types of 'paymentConfig' are incompatible between these types.
        Property 'gateway' is missing in type 'any[]' but required in type 'PaymentConfig'.
app/admin/crm/form-questions/page.tsx(1061,38): error TS2345: Argument of type '(f: Partial<Question>) => { paymentConfig: any[]; _id?: string | undefined; fieldKey?: string | undefined; formId?: string | undefined; questionType?: QuestionType | undefined; ... 9 more ...; isActive?: boolean | undefined; }' is not assignable to parameter of type 'SetStateAction<Partial<Question>>'.
  Type '(f: Partial<Question>) => { paymentConfig: any[]; _id?: string | undefined; fieldKey?: string | undefined; formId?: string | undefined; questionType?: QuestionType | undefined; ... 9 more ...; isActive?: boolean | undefined; }' is not assignable to type '(prevState: Partial<Question>) => Partial<Question>'.
    Call signature return types '{ paymentConfig: any[]; _id?: string | undefined; fieldKey?: string | undefined; formId?: string | undefined; questionType?: QuestionType | undefined; label?: { en: string; hi?: string | undefined; mr?: string | undefined; } | undefined; ... 8 more ...; isActive?: boolean | undefined; }' and 'Partial<Question>' are incompatible.
      The types of 'paymentConfig' are incompatible between these types.
        Property 'gateway' is missing in type 'any[]' but required in type 'PaymentConfig'.
app/admin/crm/form-questions/page.tsx(1069,38): error TS2345: Argument of type '(f: Partial<Question>) => { paymentConfig: any[]; _id?: string | undefined; fieldKey?: string | undefined; formId?: string | undefined; questionType?: QuestionType | undefined; ... 9 more ...; isActive?: boolean | undefined; }' is not assignable to parameter of type 'SetStateAction<Partial<Question>>'.
  Type '(f: Partial<Question>) => { paymentConfig: any[]; _id?: string | undefined; fieldKey?: string | undefined; formId?: string | undefined; questionType?: QuestionType | undefined; ... 9 more ...; isActive?: boolean | undefined; }' is not assignable to type '(prevState: Partial<Question>) => Partial<Question>'.
    Call signature return types '{ paymentConfig: any[]; _id?: string | undefined; fieldKey?: string | undefined; formId?: string | undefined; questionType?: QuestionType | undefined; label?: { en: string; hi?: string | undefined; mr?: string | undefined; } | undefined; ... 8 more ...; isActive?: boolean | undefined; }' and 'Partial<Question>' are incompatible.
      The types of 'paymentConfig' are incompatible between these types.
        Property 'gateway' is missing in type 'any[]' but required in type 'PaymentConfig'.
app/admin/crm/form-questions/page.tsx(1084,36): error TS2345: Argument of type '(f: Partial<Question>) => { paymentConfig: any[]; _id?: string | undefined; fieldKey?: string | undefined; formId?: string | undefined; questionType?: QuestionType | undefined; ... 9 more ...; isActive?: boolean | undefined; }' is not assignable to parameter of type 'SetStateAction<Partial<Question>>'.
  Type '(f: Partial<Question>) => { paymentConfig: any[]; _id?: string | undefined; fieldKey?: string | undefined; formId?: string | undefined; questionType?: QuestionType | undefined; ... 9 more ...; isActive?: boolean | undefined; }' is not assignable to type '(prevState: Partial<Question>) => Partial<Question>'.
    Call signature return types '{ paymentConfig: any[]; _id?: string | undefined; fieldKey?: string | undefined; formId?: string | undefined; questionType?: QuestionType | undefined; label?: { en: string; hi?: string | undefined; mr?: string | undefined; } | undefined; ... 8 more ...; isActive?: boolean | undefined; }' and 'Partial<Question>' are incompatible.
      The types of 'paymentConfig' are incompatible between these types.
        Property 'gateway' is missing in type 'any[]' but required in type 'PaymentConfig'.
app/admin/crm/form-questions/page.tsx(1094,32): error TS2345: Argument of type '(f: Partial<Question>) => { paymentConfig: any[]; _id?: string | undefined; fieldKey?: string | undefined; formId?: string | undefined; questionType?: QuestionType | undefined; ... 9 more ...; isActive?: boolean | undefined; }' is not assignable to parameter of type 'SetStateAction<Partial<Question>>'.
  Type '(f: Partial<Question>) => { paymentConfig: any[]; _id?: string | undefined; fieldKey?: string | undefined; formId?: string | undefined; questionType?: QuestionType | undefined; ... 9 more ...; isActive?: boolean | undefined; }' is not assignable to type '(prevState: Partial<Question>) => Partial<Question>'.
    Call signature return types '{ paymentConfig: any[]; _id?: string | undefined; fieldKey?: string | undefined; formId?: string | undefined; questionType?: QuestionType | undefined; label?: { en: string; hi?: string | undefined; mr?: string | undefined; } | undefined; ... 8 more ...; isActive?: boolean | undefined; }' and 'Partial<Question>' are incompatible.
      The types of 'paymentConfig' are incompatible between these types.
        Property 'gateway' is missing in type 'any[]' but required in type 'PaymentConfig'.
app/admin/crm/form-questions/page.tsx(1225,38): error TS2304: Cannot find name 'handleFetchGoogleSheetColumns'.
app/admin/crm/new-registration/_LeadsManagementTab.tsx(99,17): error TS2353: Object literal may only specify known properties, and 'zoomDate' does not exist in type '{ status: string; reason: string; }'.
app/admin/crm/new-registration/_LeadsManagementTab.tsx(198,26): error TS2339: Property 'isRegistered' does not exist on type '{ status: string; reason: string; }'.
app/admin/crm/new-registration/_LeadsManagementTab.tsx(207,45): error TS2339: Property 'isRegistered' does not exist on type '{ status: string; reason: string; }'.
app/admin/crm/new-registration/_LeadsManagementTab.tsx(208,52): error TS2353: Object literal may only specify known properties, and 'isRegistered' does not exist in type '{ status: string; reason: string; }'.
app/admin/crm/new-registration/_LeadsManagementTab.tsx(227,9): error TS2367: This comparison appears to be unintentional because the types '"AI-4" | "AI-4A" | "AI-4B"' and '"AI-4C"' have no overlap.
app/admin/crm/new-registration/_LeadsManagementTab.tsx(232,15): error TS2339: Property 'isRejected' does not exist on type '{ status: string; reason: string; }'.
app/admin/crm/new-registration/_LeadsManagementTab.tsx(233,35): error TS2339: Property 'isRegistered' does not exist on type '{ status: string; reason: string; }'.
app/admin/crm/new-registration/_LeadsManagementTab.tsx(237,128): error TS2339: Property 'isRegistered' does not exist on type '{ status: string; reason: string; }'.
app/admin/crm/new-registration/_LeadsManagementTab.tsx(284,11): error TS2367: This comparison appears to be unintentional because the types '"AI-4" | "AI-4A" | "AI-4B"' and '"AI-4C"' have no overlap.
app/admin/crm/new-registration/_LeadsManagementTab.tsx(291,95): error TS2353: Object literal may only specify known properties, and 'isRegistered' does not exist in type '{ status: string; reason: string; }'.
app/admin/crm/new-registration/_LeadsManagementTab.tsx(292,20): error TS2367: This comparison appears to be unintentional because the types '"AI-4" | "AI-4A"' and '"AI-4C"' have no overlap.
app/admin/crm/new-registration/_LeadsManagementTab.tsx(300,100): error TS2353: Object literal may only specify known properties, and 'isRegistered' does not exist in type '{ status: string; reason: string; }'.
app/admin/crm/new-registration/_LeadsManagementTab.tsx(301,20): error TS2367: This comparison appears to be unintentional because the types '"AI-4" | "AI-4A"' and '"AI-4C"' have no overlap.
app/admin/crm/new-registration/_LeadsManagementTab.tsx(302,99): error TS2353: Object literal may only specify known properties, and 'isRejected' does not exist in type '{ status: string; reason: string; }'.
app/admin/crm/new-registration/_LeadsManagementTab.tsx(304,96): error TS2353: Object literal may only specify known properties, and 'isRegistered' does not exist in type '{ status: string; reason: string; }'.
app/admin/crm/new-registration/_LeadsManagementTab.tsx(343,19): error TS2339: Property 'isRejected' does not exist on type '{ status: string; reason: string; }'.
app/admin/crm/new-registration/_LeadsManagementTab.tsx(344,50): error TS2339: Property 'isRegistered' does not exist on type '{ status: string; reason: string; }'.
app/admin/crm/new-registration/_LeadsManagementTab.tsx(388,64): error TS2339: Property 'isRegistered' does not exist on type '{ status: string; reason: string; }'.
app/admin/crm/new-registration/_LeadsManagementTab.tsx(392,89): error TS2353: Object literal may only specify known properties, and 'isRegistered' does not exist in type '{ status: string; reason: string; }'.
app/admin/crm/new-registration/_LeadsManagementTab.tsx(398,94): error TS2353: Object literal may only specify known properties, and 'isRegistered' does not exist in type '{ status: string; reason: string; }'.
app/admin/crm/new-registration/_LeadsManagementTab.tsx(440,68): error TS2339: Property 'isRegistered' does not exist on type '{ status: string; reason: string; }'.
app/admin/crm/new-registration/_LeadsManagementTab.tsx(446,58): error TS2339: Property 'isRejected' does not exist on type '{ status: string; reason: string; }'.
app/admin/crm/new-registration/_LeadsManagementTab.tsx(446,77): error TS2339: Property 'isRegistered' does not exist on type '{ status: string; reason: string; }'.
app/admin/crm/new-registration/_LeadsManagementTab.tsx(456,81): error TS2339: Property 'isRejected' does not exist on type '{ status: string; reason: string; }'.
app/admin/crm/new-registration/_LeadsManagementTab.tsx(459,68): error TS2339: Property 'isRegistered' does not exist on type '{ status: string; reason: string; }'.
app/admin/crm/new-registration/_LeadsManagementTab.tsx(461,68): error TS2339: Property 'isRejected' does not exist on type '{ status: string; reason: string; }'.
app/admin/crm/new-registration/_LeadsManagementTab.tsx(465,59): error TS2339: Property 'isRegistered' does not exist on type '{ status: string; reason: string; }'.
app/admin/crm/new-registration/_LeadsManagementTab.tsx(470,48): error TS2339: Property 'isRejected' does not exist on type '{ status: string; reason: string; }'.
app/admin/crm/new-registration/_LeadsManagementTab.tsx(470,67): error TS2339: Property 'isRegistered' does not exist on type '{ status: string; reason: string; }'.
app/admin/crm/new-registration/_LeadsManagementTab.tsx(480,65): error TS2339: Property 'isRegistered' does not exist on type '{ status: string; reason: string; }'.
app/admin/crm/new-registration/_LeadsManagementTab.tsx(488,56): error TS2339: Property 'isRejected' does not exist on type '{ status: string; reason: string; }'.
app/admin/crm/new-registration/_LeadsManagementTab.tsx(488,75): error TS2339: Property 'isRegistered' does not exist on type '{ status: string; reason: string; }'.
app/admin/crm/new-registration/_LeadsManagementTab.tsx(502,79): error TS2339: Property 'isRejected' does not exist on type '{ status: string; reason: string; }'.
app/admin/crm/new-registration/_LeadsManagementTab.tsx(506,65): error TS2339: Property 'isRegistered' does not exist on type '{ status: string; reason: string; }'.
app/admin/crm/new-registration/_LeadsManagementTab.tsx(509,65): error TS2339: Property 'isRejected' does not exist on type '{ status: string; reason: string; }'.
app/admin/crm/new-registration/_LeadsManagementTab.tsx(514,57): error TS2339: Property 'isRegistered' does not exist on type '{ status: string; reason: string; }'.
app/admin/crm/new-registration/_LeadsManagementTab.tsx(519,47): error TS2339: Property 'isRejected' does not exist on type '{ status: string; reason: string; }'.
app/admin/crm/new-registration/_LeadsManagementTab.tsx(519,66): error TS2339: Property 'isRegistered' does not exist on type '{ status: string; reason: string; }'.
app/admin/crm/new-registration/_LeadsManagementTab.tsx(575,20): error TS2339: Property 'isRejected' does not exist on type '{ status: string; reason: string; } | { zoomStatus: string; status: string; reason: string; }'.
  Property 'isRejected' does not exist on type '{ status: string; reason: string; }'.
app/admin/crm/new-registration/_LeadsManagementTab.tsx(576,20): error TS2339: Property 'isRegistered' does not exist on type '{ status: string; reason: string; } | { zoomStatus: string; status: string; reason: string; }'.
  Property 'isRegistered' does not exist on type '{ status: string; reason: string; }'.
app/admin/crm/new-registration/_LeadsManagementTab.tsx(763,56): error TS2339: Property 'isRegistered' does not exist on type '{ status: string; reason: string; }'.
app/admin/crm/new-registration/_LeadsManagementTab.tsx(764,54): error TS2339: Property 'isRejected' does not exist on type '{ status: string; reason: string; }'.
app/admin/crm/new-registration/_LeadsManagementTab.tsx(807,190): error TS2339: Property 'zoomDate' does not exist on type '{ status: string; reason: string; }'.
app/admin/crm/new-registration/_LeadsManagementTab.tsx(811,190): error TS2339: Property 'zoomTime' does not exist on type '{ status: string; reason: string; }'.
app/admin/crm/new-registration/_LeadsManagementTab.tsx(814,232): error TS2339: Property 'zoomLink' does not exist on type '{ status: string; reason: string; }'.
app/admin/crm/new-registration/_LeadsManagementTab.tsx(815,99): error TS2339: Property 'zoomLink' does not exist on type '{ status: string; reason: string; }'.
app/admin/crm/new-registration/_LeadsManagementTab.tsx(818,186): error TS2339: Property 'zoomStatus' does not exist on type '{ status: string; reason: string; }'.
app/admin/crm/new-registration/_LeadsManagementTab.tsx(819,181): error TS2339: Property 'zoomStatus' does not exist on type '{ status: string; reason: string; }'.
app/admin/crm/new-registration/_LeadsManagementTab.tsx(820,182): error TS2339: Property 'zoomStatus' does not exist on type '{ status: string; reason: string; }'.
app/admin/crm/new-registration/_LeadsManagementTab.tsx(853,60): error TS2339: Property 'isRegistered' does not exist on type '{ status: string; reason: string; }'.
app/admin/crm/new-registration/_LeadsManagementTab.tsx(853,102): error TS2339: Property 'isRejected' does not exist on type '{ status: string; reason: string; }'.
app/admin/crm/new-registration/_LeadsManagementTab.tsx(881,59): error TS2339: Property 'isRegistered' does not exist on type '{ status: string; reason: string; }'.
app/admin/crm/new-registration/_LeadsManagementTab.tsx(886,59): error TS2339: Property 'isRejected' does not exist on type '{ status: string; reason: string; }'.
app/admin/crm/new-registration/_LeadsManagementTab.tsx(1006,45): error TS2345: Argument of type '"AI-4" | "AI-4A" | "AI-4B" | "AI-4C"' is not assignable to parameter of type '"AI-4" | "AI-4A" | "AI-4B"'.
  Type '"AI-4C"' is not assignable to type '"AI-4" | "AI-4A" | "AI-4B"'. Did you mean '"AI-4"'?
app/admin/crm/new-registration/_WorkshopFormTab.tsx(406,59): error TS2322: Type 'unknown' is not assignable to type 'string | number | readonly string[] | undefined'.
app/admin/crm/new-registration/_WorkshopFormTab.tsx(406,74): error TS2322: Type 'unknown' is not assignable to type 'ReactNode'.
app/admin/crm/new-registration/page.tsx(1758,47): error TS17001: JSX elements cannot have multiple attributes with the same name.
app/admin/crm/planner-dashboard/accounting/page.tsx(1448,96): error TS2769: No overload matches this call.
  Overload 1 of 4, '(value: string | number | Date): Date', gave the following error.
    Argument of type 'string | undefined' is not assignable to parameter of type 'string | number | Date'.
      Type 'undefined' is not assignable to type 'string | number | Date'.
  Overload 2 of 4, '(value: string | number): Date', gave the following error.
    Argument of type 'string | undefined' is not assignable to parameter of type 'string | number'.
      Type 'undefined' is not assignable to type 'string | number'.
app/admin/crm/ritucharya/diet-plan/page.tsx(57,5): error TS2322: Type '{ foods: any[]; tip: string; key: string; time: string; label: string; emoji: string; }[]' is not assignable to type 'MealSlot[]'.
  Property 'slotKey' is missing in type '{ foods: any[]; tip: string; key: string; time: string; label: string; emoji: string; }' but required in type 'MealSlot'.
app/admin/crm/ritucharya/diet-plan/page.tsx(124,9): error TS2322: Type '{ foods: any[]; tip: string; key: string; time: string; label: string; emoji: string; }[]' is not assignable to type 'MealSlot[]'.
  Property 'slotKey' is missing in type '{ foods: any[]; tip: string; key: string; time: string; label: string; emoji: string; }' but required in type 'MealSlot'.
app/admin/crm/ritucharya/diet-plan/page.tsx(158,19): error TS2322: Type '{ foods: any[]; tip: string; key: string; time: string; label: string; emoji: string; }[]' is not assignable to type 'MealSlot[]'.
  Property 'slotKey' is missing in type '{ foods: any[]; tip: string; key: string; time: string; label: string; emoji: string; }' but required in type 'MealSlot'.
app/admin/crm/ritucharya/dietary-recommendations/page.tsx(327,27): error TS2322: Type 'string' is not assignable to type 'number'.
app/admin/crm/ritucharya/dietary-recommendations/page.tsx(404,27): error TS2322: Type 'string' is not assignable to type 'number'.
app/admin/crm/sales/page.tsx(2039,29): error TS2322: Type 'number' is not assignable to type 'string'.
app/admin/crm/sales/page.tsx(2040,29): error TS2322: Type 'number' is not assignable to type 'string'.
app/admin/crm/sales/page.tsx(2041,29): error TS2322: Type 'number' is not assignable to type 'string'.
app/api/admin/community/members/route.ts(30,7): error TS2322: Type '{ members: any[]; total: number; }' is not assignable to type '{ members: never[]; total: number; }'.
  Types of property 'members' are incompatible.
    Type 'any[]' is not assignable to type 'never[]'.
      Type 'any' is not assignable to type 'never'.
app/api/admin/crm/admin-activity/route.ts(274,35): error TS2339: Property 'createdAt' does not exist on type '(FlattenMaps<any> & Required<{ _id: unknown; }>)[] | (FlattenMaps<any> & Required<{ _id: unknown; }>)'.
  Property 'createdAt' does not exist on type '(FlattenMaps<any> & Required<{ _id: unknown; }>)[]'.
app/api/admin/crm/anti-bug/route.ts(8,10): error TS2305: Module '"@/lib/error-logger"' has no exported member 'getErrorStats'.
app/api/admin/crm/anti-bug/route.ts(8,25): error TS2305: Module '"@/lib/error-logger"' has no exported member 'getRecentErrors'.
app/api/admin/crm/email/campaigns/route.ts(24,39): error TS2339: Property 'isSuperAdmin' does not exist on type 'TokenPayload'.
app/api/admin/crm/email/followups/route.ts(19,39): error TS2339: Property 'isSuperAdmin' does not exist on type 'TokenPayload'.
app/api/admin/crm/email/followups/route.ts(32,41): error TS2367: This comparison appears to be unintentional because the types 'number' and 'boolean' have no overlap.
app/api/admin/crm/email/followups/route.ts(58,39): error TS2339: Property 'isSuperAdmin' does not exist on type 'TokenPayload'.
app/api/admin/crm/email/process-scheduled/route.ts(63,9): error TS2322: Type '{ _id: any; name: any; subject: any; body: any; templateId: any; recipients: any; attachments: any; status: any; sentCount: any; failedCount: any; scheduledAt: any; sentAt: any; createdBy: any; sentBy: any; createdAt: any; updatedAt: any; } | null' is not assignable to type '{ _id: any; name: any; subject: any; body: any; templateId: any; recipients: any; attachments: any; status: any; sentCount: any; failedCount: any; scheduledAt: any; sentAt: any; createdBy: any; sentBy: any; createdAt: any; updatedAt: any; }'.
  Type 'null' is not assignable to type '{ _id: any; name: any; subject: any; body: any; templateId: any; recipients: any; attachments: any; status: any; sentCount: any; failedCount: any; scheduledAt: any; sentAt: any; createdBy: any; sentBy: any; createdAt: any; updatedAt: any; }'.
app/api/admin/crm/email/send/route.ts(135,23): error TS18047: 'campaign' is possibly 'null'.
app/api/admin/crm/email/send/route.ts(155,23): error TS18047: 'campaign' is possibly 'null'.
app/api/admin/crm/email/send/route.ts(156,26): error TS18047: 'campaign' is possibly 'null'.
app/api/admin/crm/email/send/route.ts(156,54): error TS18047: 'campaign' is possibly 'null'.
app/api/admin/crm/email/send/route.ts(164,9): error TS18047: 'campaign' is possibly 'null'.
app/api/admin/crm/email/send/route.ts(165,15): error TS18047: 'campaign' is possibly 'null'.
app/api/admin/crm/email/send/route.ts(165,24): error TS2339: Property 'save' does not exist on type '{ _id: any; name: any; subject: any; body: any; templateId: any; recipients: any; attachments: any; status: any; sentCount: any; failedCount: any; scheduledAt: any; sentAt: any; createdBy: any; sentBy: any; createdAt: any; updatedAt: any; }'.
app/api/admin/crm/email/send/route.ts(173,19): error TS18047: 'campaign' is possibly 'null'.
app/api/admin/crm/email/send/route.ts(174,22): error TS18047: 'campaign' is possibly 'null'.
app/api/admin/crm/email/send/route.ts(174,50): error TS18047: 'campaign' is possibly 'null'.
app/api/admin/crm/email/settings/route.ts(34,41): error TS2339: Property 'createdBy' does not exist on type '{ _id: any; senderEmail: any; senderName: any; resendApiKey: any; smtpHost: any; smtpPort: any; smtpUser: any; smtpPass: any; isDefault: number; isActive: number; isVerified: number; createdAt: any; updatedAt: any; }'.
app/api/admin/crm/email/settings/route.ts(105,46): error TS2339: Property 'createdBy' does not exist on type '{ _id: any; senderEmail: any; senderName: any; resendApiKey: any; smtpHost: any; smtpPort: any; smtpUser: any; smtpPass: any; isDefault: number; isActive: number; isVerified: number; createdAt: any; updatedAt: any; }'.
app/api/admin/crm/email/settings/route.ts(132,28): error TS2339: Property 'createdBy' does not exist on type '{ _id: any; senderEmail: any; senderName: any; resendApiKey: any; smtpHost: any; smtpPort: any; smtpUser: any; smtpPass: any; isDefault: number; isActive: number; isVerified: number; createdAt: any; updatedAt: any; }'.
app/api/admin/crm/email/settings/route.ts(162,29): error TS2339: Property 'createdBy' does not exist on type '{ _id: any; senderEmail: any; senderName: any; resendApiKey: any; smtpHost: any; smtpPort: any; smtpUser: any; smtpPass: any; isDefault: number; isActive: number; isVerified: number; createdAt: any; updatedAt: any; }'.
app/api/admin/crm/email/settings/route.ts(182,20): error TS2322: Type 'boolean' is not assignable to type 'number'.
app/api/admin/crm/email/settings/route.ts(195,5): error TS2322: Type 'boolean' is not assignable to type 'number'.
app/api/admin/crm/email/settings/route.ts(223,29): error TS2339: Property 'createdBy' does not exist on type '{ _id: any; senderEmail: any; senderName: any; resendApiKey: any; smtpHost: any; smtpPort: any; smtpUser: any; smtpPass: any; isDefault: number; isActive: number; isVerified: number; createdAt: any; updatedAt: any; }'.
app/api/admin/crm/email/templates/[id]/route.ts(35,28): error TS2552: Cannot find name 'EmailTemplate'. Did you mean 'getEmailTemplate'?
app/api/admin/crm/email/templates/[id]/route.ts(42,30): error TS2304: Cannot find name 'EmailTemplate'.
app/api/admin/crm/email/templates/[id]/route.ts(61,35): error TS2552: Cannot find name 'EmailTemplate'. Did you mean 'getEmailTemplate'?
app/api/admin/crm/email/templates/[id]/route.ts(98,31): error TS2554: Expected 1 arguments, but got 0.
app/api/admin/crm/email/templates/[id]/route.ts(102,42): error TS2339: Property 'findOne' does not exist on type 'Promise<{ _id: any; name: any; subject: any; body: any; variables: any; category: any; createdBy: any; createdAt: any; updatedAt: any; } | null>'.
app/api/admin/crm/email/templates/[id]/route.ts(108,25): error TS2339: Property 'findOneAndDelete' does not exist on type 'Promise<{ _id: any; name: any; subject: any; body: any; variables: any; category: any; createdBy: any; createdAt: any; updatedAt: any; } | null>'.
app/api/admin/crm/error-logs/route.ts(10,23): error TS2305: Module '"@/lib/error-logger"' has no exported member 'logWarning'.
app/api/admin/crm/error-logs/route.ts(10,35): error TS2305: Module '"@/lib/error-logger"' has no exported member 'getRecentErrors'.
app/api/admin/crm/error-logs/route.ts(10,52): error TS2305: Module '"@/lib/error-logger"' has no exported member 'getErrorStats'.
app/api/admin/crm/integration-hub/route.ts(32,25): error TS2339: Property 'metadata' does not exist on type '(FlattenMaps<any> & Required<{ _id: unknown; }>)[] | (FlattenMaps<any> & Required<{ _id: unknown; }>)'.
  Property 'metadata' does not exist on type '(FlattenMaps<any> & Required<{ _id: unknown; }>)[]'.
app/api/admin/crm/knowledge-base/search/route.ts(49,27): error TS2339: Property '_id' does not exist on type '(FlattenMaps<any> & Required<{ _id: unknown; }>)[] | (FlattenMaps<any> & Required<{ _id: unknown; }>)'.
  Property '_id' does not exist on type '(FlattenMaps<any> & Required<{ _id: unknown; }>)[]'.
app/api/admin/crm/leads/backfill-ids/route.ts(57,36): error TS2554: Expected 1 arguments, but got 0.
app/api/admin/crm/leads/dedup/route.ts(215,18): error TS2345: Argument of type '"dedup"' is not assignable to parameter of type 'LogDomain'.
app/api/admin/crm/leads/dedup/route.ts(341,17): error TS2345: Argument of type '"dedup"' is not assignable to parameter of type 'LogDomain'.
app/api/admin/crm/leads/dedup/route.ts(352,18): error TS2345: Argument of type '"dedup"' is not assignable to parameter of type 'LogDomain'.
app/api/admin/crm/leads/enroll/route.ts(105,38): error TS2554: Expected 1 arguments, but got 0.
app/api/admin/crm/leads/enroll/route.ts(140,36): error TS2554: Expected 1 arguments, but got 0.
app/api/admin/crm/leads/settings/route.ts(6,10): error TS2305: Module '"@/lib/crm/leadNumber"' has no exported member 'LEAD_NUMBER_COUNTER_ID'.
app/api/admin/crm/migrate-to-bunny/route.ts(69,27): error TS2345: Argument of type '{ id: unknown; error: any; }' is not assignable to parameter of type 'never'.
app/api/admin/crm/reports/route.ts(127,7): error TS2304: Cannot find name 'bunnyExecute'.
app/api/admin/crm/reports/route.ts(127,184): error TS2339: Property 'createdBy' does not exist on type '{ createdByUserId?: undefined; } | { createdByUserId: string; }'.
  Property 'createdBy' does not exist on type '{ createdByUserId?: undefined; }'.
app/api/admin/crm/reports/route.ts(127,240): error TS2339: Property 'createdBy' does not exist on type '{ createdByUserId?: undefined; } | { createdByUserId: string; }'.
  Property 'createdBy' does not exist on type '{ createdByUserId?: undefined; }'.
app/api/admin/crm/reports/route.ts(127,309): error TS2339: Property 'createdBy' does not exist on type '{ createdByUserId?: undefined; } | { createdByUserId: string; }'.
  Property 'createdBy' does not exist on type '{ createdByUserId?: undefined; }'.
app/api/admin/crm/reports/route.ts(129,7): error TS2304: Cannot find name 'bunnyExecute'.
app/api/admin/crm/reports/route.ts(129,163): error TS2339: Property 'createdBy' does not exist on type '{ createdByUserId?: undefined; } | { createdByUserId: string; }'.
  Property 'createdBy' does not exist on type '{ createdByUserId?: undefined; }'.
app/api/admin/crm/reports/route.ts(129,219): error TS2339: Property 'createdBy' does not exist on type '{ createdByUserId?: undefined; } | { createdByUserId: string; }'.
  Property 'createdBy' does not exist on type '{ createdByUserId?: undefined; }'.
app/api/admin/crm/reports/route.ts(129,288): error TS2339: Property 'createdBy' does not exist on type '{ createdByUserId?: undefined; } | { createdByUserId: string; }'.
  Property 'createdBy' does not exist on type '{ createdByUserId?: undefined; }'.
app/api/admin/crm/reports/route.ts(131,7): error TS2304: Cannot find name 'bunnyExecute'.
app/api/admin/crm/reports/route.ts(131,150): error TS2339: Property 'createdBy' does not exist on type '{ createdByUserId?: undefined; } | { createdByUserId: string; }'.
  Property 'createdBy' does not exist on type '{ createdByUserId?: undefined; }'.
app/api/admin/crm/reports/route.ts(131,206): error TS2339: Property 'createdBy' does not exist on type '{ createdByUserId?: undefined; } | { createdByUserId: string; }'.
  Property 'createdBy' does not exist on type '{ createdByUserId?: undefined; }'.
app/api/admin/crm/reports/route.ts(131,275): error TS2339: Property 'createdBy' does not exist on type '{ createdByUserId?: undefined; } | { createdByUserId: string; }'.
  Property 'createdBy' does not exist on type '{ createdByUserId?: undefined; }'.
app/api/admin/crm/sales/bulk-import/route.ts(7,10): error TS2305: Module '"@/lib/crm/leadNumber"' has no exported member 'normalizeLeadNumberInput'.
app/api/admin/crm/sales/generate-from-leads/route.ts(103,29): error TS2345: Argument of type '{ _id: mongoose.mongo.BSON.ObjectId; leadId: mongoose.mongo.BSON.ObjectId; customerName: string; customerPhone: any; workshopName: string; saleAmount: number; paidAmount: number; ... 12 more ...; updatedAt: Date; }' is not assignable to parameter of type 'never'.
app/api/admin/crm/sales/lookup/route.ts(7,10): error TS2305: Module '"@/lib/crm/leadNumber"' has no exported member 'normalizeLeadNumberInput'.
app/api/admin/crm/sales/tally-sync/route.ts(94,11): error TS2322: Type '(FlattenMaps<any> & Required<{ _id: unknown; }>)[] | (FlattenMaps<any> & Required<{ _id: unknown; }>)' is not assignable to type 'null'.
  Type '(FlattenMaps<any> & Required<{ _id: unknown; }>)[]' is not assignable to type 'null'.
app/api/admin/crm/sales/upload/route.ts(7,10): error TS2305: Module '"@/lib/crm/leadNumber"' has no exported member 'normalizeLeadNumberInput'.
app/api/admin/crm/storage-usage/route.ts(129,27): error TS2322: Type 'string | undefined' is not assignable to type 'InValue'.
  Type 'undefined' is not assignable to type 'InValue'.
app/api/admin/crm/whatsapp/diagnostics/route.ts(75,29): error TS2339: Property 'receivedAt' does not exist on type '(FlattenMaps<any> & Required<{ _id: unknown; }>)[] | (FlattenMaps<any> & Required<{ _id: unknown; }>)'.
  Property 'receivedAt' does not exist on type '(FlattenMaps<any> & Required<{ _id: unknown; }>)[]'.
app/api/admin/crm/whatsapp/diagnostics/route.ts(76,35): error TS2339: Property 'receivedAt' does not exist on type '(FlattenMaps<any> & Required<{ _id: unknown; }>)[] | (FlattenMaps<any> & Required<{ _id: unknown; }>)'.
  Property 'receivedAt' does not exist on type '(FlattenMaps<any> & Required<{ _id: unknown; }>)[]'.
app/api/admin/crm/whatsapp/diagnostics/route.ts(77,33): error TS2339: Property 'receivedAt' does not exist on type '(FlattenMaps<any> & Required<{ _id: unknown; }>)[] | (FlattenMaps<any> & Required<{ _id: unknown; }>)'.
  Property 'receivedAt' does not exist on type '(FlattenMaps<any> & Required<{ _id: unknown; }>)[]'.
app/api/admin/crm/whatsapp/qr-bridge/route.ts(460,152): error TS2339: Property 'userId' does not exist on type 'never'.
app/api/admin/crm/whatsapp/qr/webhook/route.ts(236,59): error TS2345: Argument of type 'string | undefined' is not assignable to parameter of type 'string'.
  Type 'undefined' is not assignable to type 'string'.
app/api/admin/crm/workshop-management/worker/route.ts(8,10): error TS2305: Module '"@/lib/zoom-meetings"' has no exported member 'getZoomMeetingRecordings'.
app/api/admin/crm/workshop-management/worker/route.ts(8,36): error TS2305: Module '"@/lib/zoom-meetings"' has no exported member 'deleteZoomRecording'.
app/api/admin/crm/workshop-management/worker/route.ts(8,57): error TS2305: Module '"@/lib/zoom-meetings"' has no exported member 'recoverZoomRecording'.
app/api/admin/crm/workshop-management/worker/route.ts(159,20): error TS2339: Property 'connected' does not exist on type 'never'.
app/api/admin/crm/workshop-management/worker/route.ts(159,46): error TS2339: Property 'provider' does not exist on type 'never'.
app/api/admin/crm/workshop-management/worker/route.ts(161,27): error TS2339: Property 'smtpHost' does not exist on type 'never'.
app/api/admin/crm/workshop-management/worker/route.ts(162,34): error TS2339: Property 'smtpPort' does not exist on type 'never'.
app/api/admin/crm/workshop-management/worker/route.ts(163,36): error TS2339: Property 'smtpPort' does not exist on type 'never'.
app/api/admin/crm/workshop-management/worker/route.ts(164,35): error TS2339: Property 'smtpUser' does not exist on type 'never'.
app/api/admin/crm/workshop-management/worker/route.ts(164,63): error TS2339: Property 'smtpPass' does not exist on type 'never'.
app/api/admin/crm/workshop-management/worker/route.ts(192,31): error TS18047: 'emailConfig' is possibly 'null'.
app/api/admin/crm/workshop-management/worker/route.ts(192,72): error TS18047: 'emailConfig' is possibly 'null'.
app/api/admin/crm/workshop-management/worker/route.ts(192,97): error TS18047: 'emailConfig' is possibly 'null'.
app/api/admin/crm/workshop-management/worker/route.ts(195,310): error TS18047: 'emailConfig' is possibly 'null'.
app/api/admin/crm/workshop-management/worker/route.ts(228,31): error TS18047: 'emailConfig' is possibly 'null'.
app/api/admin/crm/workshop-management/worker/route.ts(228,72): error TS18047: 'emailConfig' is possibly 'null'.
app/api/admin/crm/workshop-management/worker/route.ts(228,97): error TS18047: 'emailConfig' is possibly 'null'.
app/api/admin/crm/workshop-management/worker/route.ts(231,310): error TS18047: 'emailConfig' is possibly 'null'.
app/api/admin/crm/workshops/dedup-students/route.ts(132,61): error TS2769: No overload matches this call.
  Overload 1 of 4, '(value: string | number | Date): Date', gave the following error.
    Argument of type 'string | number | bigint | ArrayBuffer' is not assignable to parameter of type 'string | number | Date'.
      Type 'bigint' is not assignable to type 'string | number | Date'.
  Overload 2 of 4, '(value: string | number): Date', gave the following error.
    Argument of type 'string | number | bigint | ArrayBuffer' is not assignable to parameter of type 'string | number'.
      Type 'bigint' is not assignable to type 'string | number'.
app/api/admin/crm/workshops/dedup-students/route.ts(132,86): error TS2769: No overload matches this call.
  Overload 1 of 4, '(value: string | number | Date): Date', gave the following error.
    Argument of type 'string | number | bigint | ArrayBuffer' is not assignable to parameter of type 'string | number | Date'.
      Type 'bigint' is not assignable to type 'string | number | Date'.
  Overload 2 of 4, '(value: string | number): Date', gave the following error.
    Argument of type 'string | number | bigint | ArrayBuffer' is not assignable to parameter of type 'string | number'.
      Type 'bigint' is not assignable to type 'string | number'.
app/api/admin/crm/workshops/dedup-students/route.ts(133,57): error TS2769: No overload matches this call.
  Overload 1 of 4, '(value: string | number | Date): Date', gave the following error.
    Argument of type 'string | number | bigint | ArrayBuffer' is not assignable to parameter of type 'string | number | Date'.
      Type 'bigint' is not assignable to type 'string | number | Date'.
  Overload 2 of 4, '(value: string | number): Date', gave the following error.
    Argument of type 'string | number | bigint | ArrayBuffer' is not assignable to parameter of type 'string | number'.
      Type 'bigint' is not assignable to type 'string | number'.
app/api/admin/crm/workshops/dedup-students/route.ts(133,80): error TS2769: No overload matches this call.
  Overload 1 of 4, '(value: string | number | Date): Date', gave the following error.
    Argument of type 'string | number | bigint | ArrayBuffer' is not assignable to parameter of type 'string | number | Date'.
      Type 'bigint' is not assignable to type 'string | number | Date'.
  Overload 2 of 4, '(value: string | number): Date', gave the following error.
    Argument of type 'string | number | bigint | ArrayBuffer' is not assignable to parameter of type 'string | number'.
      Type 'bigint' is not assignable to type 'string | number'.
app/api/admin/crm/workshops/dedup-students/route.ts(176,18): error TS2345: Argument of type '"dedup"' is not assignable to parameter of type 'LogDomain'.
app/api/admin/enquiries/import/google-sheets/route.ts(71,19): error TS2345: Argument of type 'Record<string, string>' is not assignable to parameter of type 'never'.
app/api/admin/enquiries/import/route.ts(98,49): error TS2554: Expected 1 arguments, but got 0.
app/api/admin/enquiries/import/route.ts(110,63): error TS2554: Expected 1 arguments, but got 0.
app/api/admin/enquiries/route.ts(97,37): error TS2339: Property 'map' does not exist on type '{ leads: any[]; total: number; }'.
app/api/admin/enquiries/route.ts(242,9): error TS2322: Type 'string' is not assignable to type 'undefined'.
app/api/admin/enquiries/route.ts(248,11): error TS2322: Type 'undefined' is not assignable to type 'string'.
app/api/admin/enquiries/route.ts(264,9): error TS2322: Type 'string | undefined' is not assignable to type 'undefined'.
  Type 'string' is not assignable to type 'undefined'.
app/api/admin/enquiries/route.ts(477,24): error TS2339: Property 'find' does not exist on type '{ leads: any[]; total: number; }'.
app/api/admin/enquiries/route.ts(481,31): error TS2339: Property 'status' does not exist on type 'never'.
app/api/admin/enquiries/route.ts(482,43): error TS2339: Property 'name' does not exist on type 'never'.
app/api/admin/enquiries/route.ts(483,45): error TS2339: Property 'phoneNumber' does not exist on type 'never'.
app/api/admin/enquiries/route.ts(484,44): error TS2339: Property 'notes' does not exist on type 'never'.
app/api/admin/enquiries/route.ts(486,44): error TS2339: Property 'email' does not exist on type 'never'.
app/api/admin/enquiries/route.ts(489,19): error TS2339: Property 'metadata' does not exist on type 'never'.
app/api/admin/enquiries/route.ts(489,34): error TS2339: Property 'metadata' does not exist on type 'never'.
app/api/admin/enquiries/route.ts(490,45): error TS2339: Property 'metadata' does not exist on type 'never'.
app/api/admin/enquiries/route.ts(491,43): error TS2339: Property 'metadata' does not exist on type 'never'.
app/api/admin/enquiries/route.ts(498,21): error TS2339: Property 'metadata' does not exist on type 'never'.
app/api/admin/enquiries/route.ts(498,51): error TS2339: Property 'metadata' does not exist on type 'never'.
app/api/admin/enquiries/route.ts(500,18): error TS2339: Property 'metadata' does not exist on type 'never'.
app/api/admin/enquiries/route.ts(504,40): error TS2339: Property '_id' does not exist on type 'never'.
app/api/admin/enquiries/route.ts(506,88): error TS2339: Property 'name' does not exist on type 'never'.
app/api/admin/enquiries/route.ts(506,107): error TS2339: Property 'phoneNumber' does not exist on type 'never'.
app/api/admin/enquiries/route.ts(522,9): error TS2304: Cannot find name 'hasName'.
app/api/admin/enquiries/route.ts(523,9): error TS2304: Cannot find name 'hasMobile'.
app/api/admin/google-form-oauth/callback/route.ts(30,21): error TS2339: Property 'replace' does not exist on type 'never'.
app/api/admin/google-form-oauth/callback/route.ts(52,33): error TS2345: Argument of type '{ code: string; client_id: string | undefined; client_secret: string | undefined; redirect_uri: string; grant_type: string; }' is not assignable to parameter of type 'string | Record<string, string> | string[][] | URLSearchParams | undefined'.
  Type '{ code: string; client_id: string | undefined; client_secret: string | undefined; redirect_uri: string; grant_type: string; }' is not assignable to type 'undefined'.
app/api/admin/signups/[id]/reset-password/route.ts(61,69): error TS2339: Property 'email' does not exist on type 'never'.
app/api/admin/signups/[id]/reset-password/route.ts(73,64): error TS2339: Property 'email' does not exist on type 'never'.
app/api/admin/signups/[id]/reset-password/route.ts(82,69): error TS2339: Property 'email' does not exist on type 'never'.
app/api/admin/signups/[id]/reset-password/route.ts(98,75): error TS2339: Property '_id' does not exist on type 'never'.
app/api/admin/signups/[id]/reset-password/route.ts(100,12): error TS2339: Property '_id' does not exist on type 'never'.
app/api/admin/signups/[id]/reset-password/route.ts(114,76): error TS2339: Property 'email' does not exist on type 'never'.
app/api/admin/signups/[id]/reset-password/route.ts(119,14): error TS2339: Property 'email' does not exist on type 'never'.
app/api/admin/signups/[id]/reset-password/route.ts(121,77): error TS2339: Property 'email' does not exist on type 'never'.
app/api/admin/signups/[id]/reset-password/route.ts(123,24): error TS2339: Property 'name' does not exist on type 'never'.
app/api/admin/signups/[id]/reset-password/route.ts(123,48): error TS2339: Property 'email' does not exist on type 'never'.
app/api/admin/signups/[id]/reset-password/route.ts(123,67): error TS2339: Property 'phone' does not exist on type 'never'.
app/api/admin/signups/[id]/reset-password/route.ts(135,56): error TS2339: Property 'email' does not exist on type 'never'.
app/api/admin/signups/[id]/reset-password/route.ts(135,70): error TS2339: Property 'name' does not exist on type 'never'.
app/api/admin/social-media/posts/[id]/publish/route.ts(2,10): error TS2614: Module '"@/lib/db"' has no exported member 'sql'. Did you mean to use 'import sql from "@/lib/db"' instead?
app/api/admin/social-media/posts/[id]/publish/route.ts(762,25): error TS2345: Argument of type 'any' is not assignable to parameter of type 'never'.
app/api/admin/social-media/posts/[id]/publish/route.ts(774,49): error TS2339: Property 'platform' does not exist on type 'never'.
app/api/admin/social-media/posts/[id]/publish/route.ts(780,36): error TS2339: Property 'accountId' does not exist on type 'never'.
app/api/admin/social-media/posts/[id]/publish/route.ts(788,52): error TS2339: Property 'accessToken' does not exist on type 'never'.
app/api/admin/social-media/posts/[id]/publish/route.ts(850,21): error TS2339: Property 'refreshToken' does not exist on type 'never'.
app/api/admin/social-media/posts/[id]/publish/route.ts(851,59): error TS2339: Property 'refreshToken' does not exist on type 'never'.
app/api/admin/social-media/posts/route.ts(91,34): error TS2345: Argument of type 'any' is not assignable to parameter of type 'never'.
app/api/admin/social-media/posts/route.ts(112,62): error TS2339: Property '_id' does not exist on type 'never'.
app/api/admin/unified-profile/route.ts(116,47): error TS2352: Conversion of type '(FlattenMaps<any> & Required<{ _id: unknown; }>)[] | (FlattenMaps<any> & Required<{ _id: unknown; }>)' to type '{ linkedUserId: string; }' may be a mistake because neither type sufficiently overlaps with the other. If this was intentional, convert the expression to 'unknown' first.
  Property 'linkedUserId' is missing in type 'FlattenMaps<any> & Required<{ _id: unknown; }>' but required in type '{ linkedUserId: string; }'.
app/api/auth/check-user/route.ts(42,7): error TS2322: Type 'UserEntity | null' is not assignable to type 'null'.
  Type 'UserEntity' is not assignable to type 'null'.
app/api/auth/check-user/route.ts(48,9): error TS2322: Type 'UserEntity | null' is not assignable to type 'null'.
  Type 'UserEntity' is not assignable to type 'null'.
app/api/auth/check-user/route.ts(56,28): error TS2339: Property 'name' does not exist on type 'never'.
app/api/auth/check-user/route.ts(58,45): error TS2339: Property 'email' does not exist on type 'never'.
app/api/auth/signup/route.ts(175,63): error TS2554: Expected 1 arguments, but got 0.
app/api/community/join/route.ts(3,10): error TS2305: Module '"@/lib/crm/leadNumber"' has no exported member 'getOrCreateLeadIdForPhone'.
app/api/community/request-access/route.ts(3,10): error TS2305: Module '"@/lib/crm/leadNumber"' has no exported member 'getOrCreateLeadIdForPhone'.
app/api/contact/route.ts(3,10): error TS2305: Module '"@/lib/crm/leadNumber"' has no exported member 'getOrCreateLeadIdForPhone'.
app/api/crm-site/compartment/route.ts(111,35): error TS2339: Property 'setup' does not exist on type '(FlattenMaps<any> & Required<{ _id: unknown; }>)[] | (FlattenMaps<any> & Required<{ _id: unknown; }>)'.
  Property 'setup' does not exist on type '(FlattenMaps<any> & Required<{ _id: unknown; }>)[]'.
app/api/crm-site/compartment/route.ts(113,36): error TS2339: Property 'compartmentId' does not exist on type '(FlattenMaps<any> & Required<{ _id: unknown; }>)[] | (FlattenMaps<any> & Required<{ _id: unknown; }>)'.
  Property 'compartmentId' does not exist on type '(FlattenMaps<any> & Required<{ _id: unknown; }>)[]'.
app/api/crm-site/compartment/route.ts(114,33): error TS2339: Property 'folderName' does not exist on type '(FlattenMaps<any> & Required<{ _id: unknown; }>)[] | (FlattenMaps<any> & Required<{ _id: unknown; }>)'.
  Property 'folderName' does not exist on type '(FlattenMaps<any> & Required<{ _id: unknown; }>)[]'.
app/api/crm-site/compartment/route.ts(115,28): error TS2339: Property 'bunny' does not exist on type '(FlattenMaps<any> & Required<{ _id: unknown; }>)[] | (FlattenMaps<any> & Required<{ _id: unknown; }>)'.
  Property 'bunny' does not exist on type '(FlattenMaps<any> & Required<{ _id: unknown; }>)[]'.
app/api/crm-site/compartment/route.ts(116,30): error TS2339: Property 'storage' does not exist on type '(FlattenMaps<any> & Required<{ _id: unknown; }>)[] | (FlattenMaps<any> & Required<{ _id: unknown; }>)'.
  Property 'storage' does not exist on type '(FlattenMaps<any> & Required<{ _id: unknown; }>)[]'.
app/api/crm-site/compartment/route.ts(117,28): error TS2339: Property 'setup' does not exist on type '(FlattenMaps<any> & Required<{ _id: unknown; }>)[] | (FlattenMaps<any> & Required<{ _id: unknown; }>)'.
  Property 'setup' does not exist on type '(FlattenMaps<any> & Required<{ _id: unknown; }>)[]'.
app/api/crm-site/plan/route.ts(99,64): error TS2339: Property 'createdAt' does not exist on type '(FlattenMaps<any> & Required<{ _id: unknown; }>)[] | (FlattenMaps<any> & Required<{ _id: unknown; }>)'.
  Property 'createdAt' does not exist on type '(FlattenMaps<any> & Required<{ _id: unknown; }>)[]'.
app/api/crm-site/setup-status/route.ts(77,31): error TS2339: Property 'setup' does not exist on type '(FlattenMaps<any> & Required<{ _id: unknown; }>)[] | (FlattenMaps<any> & Required<{ _id: unknown; }>)'.
  Property 'setup' does not exist on type '(FlattenMaps<any> & Required<{ _id: unknown; }>)[]'.
app/api/crm-site/setup-status/route.ts(78,31): error TS2339: Property 'folderName' does not exist on type '(FlattenMaps<any> & Required<{ _id: unknown; }>)[] | (FlattenMaps<any> & Required<{ _id: unknown; }>)'.
  Property 'folderName' does not exist on type '(FlattenMaps<any> & Required<{ _id: unknown; }>)[]'.
app/api/crm-site/setup-status/route.ts(79,34): error TS2339: Property 'compartmentId' does not exist on type '(FlattenMaps<any> & Required<{ _id: unknown; }>)[] | (FlattenMaps<any> & Required<{ _id: unknown; }>)'.
  Property 'compartmentId' does not exist on type '(FlattenMaps<any> & Required<{ _id: unknown; }>)[]'.
app/api/crm-site/setup-status/route.ts(80,39): error TS2339: Property 'bunny' does not exist on type '(FlattenMaps<any> & Required<{ _id: unknown; }>)[] | (FlattenMaps<any> & Required<{ _id: unknown; }>)'.
  Property 'bunny' does not exist on type '(FlattenMaps<any> & Required<{ _id: unknown; }>)[]'.
app/api/crm-site/setup-status/route.ts(81,38): error TS2339: Property 'mongodb' does not exist on type '(FlattenMaps<any> & Required<{ _id: unknown; }>)[] | (FlattenMaps<any> & Required<{ _id: unknown; }>)'.
  Property 'mongodb' does not exist on type '(FlattenMaps<any> & Required<{ _id: unknown; }>)[]'.
app/api/crm-site/setup-status/route.ts(82,35): error TS2339: Property 'storage' does not exist on type '(FlattenMaps<any> & Required<{ _id: unknown; }>)[] | (FlattenMaps<any> & Required<{ _id: unknown; }>)'.
  Property 'storage' does not exist on type '(FlattenMaps<any> & Required<{ _id: unknown; }>)[]'.
app/api/crm-site/setup-status/route.ts(83,34): error TS2339: Property 'storage' does not exist on type '(FlattenMaps<any> & Required<{ _id: unknown; }>)[] | (FlattenMaps<any> & Required<{ _id: unknown; }>)'.
  Property 'storage' does not exist on type '(FlattenMaps<any> & Required<{ _id: unknown; }>)[]'.
app/api/crm-site/setup-status/route.ts(84,32): error TS2339: Property 'storage' does not exist on type '(FlattenMaps<any> & Required<{ _id: unknown; }>)[] | (FlattenMaps<any> & Required<{ _id: unknown; }>)'.
  Property 'storage' does not exist on type '(FlattenMaps<any> & Required<{ _id: unknown; }>)[]'.
app/api/crm-site/setup-status/route.ts(85,26): error TS2339: Property 'setup' does not exist on type '(FlattenMaps<any> & Required<{ _id: unknown; }>)[] | (FlattenMaps<any> & Required<{ _id: unknown; }>)'.
  Property 'setup' does not exist on type '(FlattenMaps<any> & Required<{ _id: unknown; }>)[]'.
app/api/crm/lead-by-number/route.ts(5,10): error TS2305: Module '"@/lib/crm/leadNumber"' has no exported member 'normalizeLeadNumberInput'.
app/api/enquiries/route.ts(105,47): error TS2554: Expected 1 arguments, but got 0.
app/api/enquiries/route.ts(135,61): error TS2554: Expected 1 arguments, but got 0.
app/api/enquiries/search/route.ts(34,9): error TS2322: Type '{ name: Value; email: Value; mobile: string; gender: Value; city: Value; dynamicAnswers: any; }' is not assignable to type 'null'.
app/api/enquiries/search/route.ts(62,7): error TS2322: Type '{ name: any; email: any; mobile: any; gender: any; city: any; dynamicAnswers: any; }' is not assignable to type 'null'.
app/api/forms/submit/route.ts(497,59): error TS2554: Expected 1 arguments, but got 0.
app/api/health/route.ts(60,13): error TS2339: Property 'getErrorStats' does not exist on type 'typeof import("/Users/mohankalburgi/swaryoga.com-db/lib/error-logger")'.
app/api/leads/my-details/route.ts(98,38): error TS2554: Expected 1 arguments, but got 0.
app/api/leads/my-details/route.ts(104,36): error TS2554: Expected 1 arguments, but got 0.
app/api/payments/cashfree/webhook/route.ts(81,28): error TS2345: Argument of type 'string' is not assignable to parameter of type '`${string}-${string}-${string}-${string}-${string}`'.
app/api/payments/cashfree/webhook/route.ts(97,32): error TS2345: Argument of type 'string' is not assignable to parameter of type '`${string}-${string}-${string}-${string}-${string}`'.
app/api/webhooks/meta/leadgen/route.ts(150,38): error TS2554: Expected 1 arguments, but got 0.
app/api/webhooks/meta/leadgen/route.ts(160,34): error TS2554: Expected 1 arguments, but got 0.
app/api/whatsapp/qr/webhook/route.ts(307,61): error TS2345: Argument of type 'string | undefined' is not assignable to parameter of type 'string'.
  Type 'undefined' is not assignable to type 'string'.
app/api/whatsapp/qr/webhook/route.ts(438,11): error TS18004: No value exists in scope for the shorthand property 'chatJid'. Either declare one or provide an initializer.
app/api/whatsapp/webhook/route.ts(290,44): error TS2554: Expected 1 arguments, but got 0.
app/api/workshop-join/[formId]/route.ts(69,45): error TS2554: Expected 1 arguments, but got 0.
app/api/workshop-join/[formId]/route.ts(95,59): error TS2554: Expected 1 arguments, but got 0.
app/api/workshop-join/[formId]/route.ts(111,19): error TS2304: Cannot find name 'city'.
app/api/workshop-leads/route.ts(155,38): error TS2554: Expected 1 arguments, but got 0.
app/api/workshop-leads/route.ts(200,34): error TS2554: Expected 1 arguments, but got 0.
app/api/workshops/route.ts(43,11): error TS2322: Type 'BunnyWorkshopStudent' is not assignable to type 'null'.
app/api/youth-workshop/register/route.ts(45,38): error TS2554: Expected 1 arguments, but got 0.
app/api/youth-workshop/register/route.ts(69,36): error TS2554: Expected 1 arguments, but got 0.
app/sadhana/community/private-videos/[videoId]/page.tsx(59,50): error TS2339: Property 'videoId' does not exist on type 'Promise<{ videoId: string; }> | { videoId: string; }'.
  Property 'videoId' does not exist on type 'Promise<{ videoId: string; }>'.
app/sadhana/community/private-videos/[videoId]/page.tsx(75,14): error TS2339: Property 'videoId' does not exist on type 'Promise<{ videoId: string; }> | { videoId: string; }'.
  Property 'videoId' does not exist on type 'Promise<{ videoId: string; }>'.
app/workshop-join/[formId]/JoinFormClient.tsx(220,81): error TS18004: No value exists in scope for the shorthand property 'city'. Either declare one or provide an initializer.
app/workshop-join/[formId]/JoinFormClient.tsx(251,81): error TS18004: No value exists in scope for the shorthand property 'city'. Either declare one or provide an initializer.
components/ActionPlanModal.tsx(114,7): error TS2353: Object literal may only specify known properties, and 'amount' does not exist in type 'Milestone'.
components/ActionPlanModal.tsx(543,30): error TS2339: Property 'amount' does not exist on type 'Milestone'.
components/ActionPlanModal.tsx(547,17): error TS2353: Object literal may only specify known properties, and 'amount' does not exist in type 'Milestone'.
components/admin/crm/PlanComponents.tsx(102,15): error TS18047: 'price.monthly' is possibly 'null'.
components/admin/crm/PlanComponents.tsx(238,70): error TS18047: 'price.monthly' is possibly 'null'.
components/admin/crm/PlanComponents.tsx(459,9): error TS2739: Type '{ leads: { title: string; description: string; }[]; whatsapp: { title: string; description: string; }[]; broadcasting: { title: string; description: string; }[]; chatbot: { title: string; description: string; }[]; ... 10 more ...; customDomain: { ...; }[]; }' is missing the following properties from type 'Record<CrmModule, { title: string; description: string; }[]>': accounting, lifePlanner
components/admin/crm/ZoomMeetingSetupCalendar.tsx(134,19): error TS2345: Argument of type '{ label: string; totalSlots: number; slots: { date: string; time: string; link: string; }[]; }' is not assignable to parameter of type 'never'.
components/admin/crm/ZoomMeetingSetupCalendar.tsx(179,42): error TS2339: Property 'label' does not exist on type 'never'.
components/admin/crm/ZoomMeetingSetupCalendar.tsx(180,43): error TS2339: Property 'slots' does not exist on type 'never'.
components/admin/crm/ZoomMeetingSetupCalendar.tsx(184,81): error TS2339: Property 'label' does not exist on type 'never'.
components/admin/crm/ZoomMeetingSetupCalendar.tsx(185,64): error TS2339: Property 'totalSlots' does not exist on type 'never'.
components/AdminSidebar.tsx(373,11): error TS2353: Object literal may only specify known properties, and 'items' does not exist in type 'SidebarItem'.
components/BunnyVideoPlayer.tsx(30,17): error TS2339: Property 'playerjs' does not exist on type 'Window & typeof globalThis'.
components/EnhancedVisionBuilder.tsx(24,52): error TS2345: Argument of type '{ id: string; title: string; description: string; imageUrl: string; startDate: string; endDate: string; category: VisionCategory; priority: "high" | "low" | "medium"; status: "completed" | ... 2 more ... | "on-hold"; ... 8 more ...; updatedAt: string; }' is not assignable to parameter of type 'Vision | (() => Vision)'.
  Property 'completed' is missing in type '{ id: string; title: string; description: string; imageUrl: string; startDate: string; endDate: string; category: VisionCategory; priority: "high" | "low" | "medium"; status: "completed" | ... 2 more ... | "on-hold"; ... 8 more ...; updatedAt: string; }' but required in type 'Vision'.
components/EnhancedVisionBuilder.tsx(109,19): error TS2345: Argument of type '(prev: Vision) => { goals: (Goal | { id: string; title: string; visionId: string; description: string; startDate: string | undefined; targetDate: string | undefined; priority: "medium"; status: "not-started"; progress: number; createdAt: string; updatedAt: string; })[]; ... 22 more ...; updatedAt: string; }' is not assignable to parameter of type 'SetStateAction<Vision>'.
  Type '(prev: Vision) => { goals: (Goal | { id: string; title: string; visionId: string; description: string; startDate: string | undefined; targetDate: string | undefined; priority: "medium"; status: "not-started"; progress: number; createdAt: string; updatedAt: string; })[]; ... 22 more ...; updatedAt: string; }' is not assignable to type '(prevState: Vision) => Vision'.
    Call signature return types '{ goals: (Goal | { id: string; title: string; visionId: string; description: string; startDate: string | undefined; targetDate: string | undefined; priority: "medium"; status: "not-started"; progress: number; createdAt: string; updatedAt: string; })[]; ... 22 more ...; updatedAt: string; }' and 'Vision' are incompatible.
      The types of 'goals' are incompatible between these types.
        Type '(Goal | { id: string; title: string; visionId: string; description: string; startDate: string | undefined; targetDate: string | undefined; priority: "medium"; status: "not-started"; progress: number; createdAt: string; updatedAt: string; })[]' is not assignable to type 'Goal[]'.
          Type 'Goal | { id: string; title: string; visionId: string; description: string; startDate: string | undefined; targetDate: string | undefined; priority: "medium"; status: "not-started"; progress: number; createdAt: string; updatedAt: string; }' is not assignable to type 'Goal'.
            Property 'completed' is missing in type '{ id: string; title: string; visionId: string; description: string; startDate: string | undefined; targetDate: string | undefined; priority: "medium"; status: "not-started"; progress: number; createdAt: string; updatedAt: string; }' but required in type 'Goal'.
components/EnhancedVisionBuilder.tsx(208,19): error TS2345: Argument of type '(prev: Vision) => { words: (Word | { id: string; title: string; content: string; category: string; color: string; createdAt: string; updatedAt: string; })[]; id: string; title: string; ... 20 more ...; updatedAt: string; }' is not assignable to parameter of type 'SetStateAction<Vision>'.
  Type '(prev: Vision) => { words: (Word | { id: string; title: string; content: string; category: string; color: string; createdAt: string; updatedAt: string; })[]; id: string; title: string; ... 20 more ...; updatedAt: string; }' is not assignable to type '(prevState: Vision) => Vision'.
    Call signature return types '{ words: (Word | { id: string; title: string; content: string; category: string; color: string; createdAt: string; updatedAt: string; })[]; id: string; title: string; category: VisionCategory; ... 19 more ...; updatedAt: string; }' and 'Vision' are incompatible.
      The types of 'words' are incompatible between these types.
        Type '(Word | { id: string; title: string; content: string; category: string; color: string; createdAt: string; updatedAt: string; })[]' is not assignable to type 'Word[]'.
          Type 'Word | { id: string; title: string; content: string; category: string; color: string; createdAt: string; updatedAt: string; }' is not assignable to type 'Word'.
            Property 'completed' is missing in type '{ id: string; title: string; content: string; category: string; color: string; createdAt: string; updatedAt: string; }' but required in type 'Word'.
components/GoalManager.tsx(31,90): error TS2345: Argument of type '{ title: string; description: string; visionId: string; startDate: string; targetDate: string; budget: undefined; priority: "medium"; status: "not-started"; progress: number; imageUrl: string; }' is not assignable to parameter of type 'Omit<Goal, "id" | "createdAt" | "updatedAt"> | (() => Omit<Goal, "id" | "createdAt" | "updatedAt">)'.
  Property 'completed' is missing in type '{ title: string; description: string; visionId: string; startDate: string; targetDate: string; budget: undefined; priority: "medium"; status: "not-started"; progress: number; imageUrl: string; }' but required in type 'Omit<Goal, "id" | "createdAt" | "updatedAt">'.
components/GoalManager.tsx(45,17): error TS2345: Argument of type '{ title: string; description: string; visionId: string; startDate: string; targetDate: string; budget: undefined; priority: "medium"; status: "not-started"; progress: number; imageUrl: string; }' is not assignable to parameter of type 'SetStateAction<Omit<Goal, "id" | "createdAt" | "updatedAt">>'.
  Property 'completed' is missing in type '{ title: string; description: string; visionId: string; startDate: string; targetDate: string; budget: undefined; priority: "medium"; status: "not-started"; progress: number; imageUrl: string; }' but required in type 'Omit<Goal, "id" | "createdAt" | "updatedAt">'.
components/GoalManager.tsx(84,17): error TS2345: Argument of type '{ title: string; description: string | undefined; visionId: string; startDate: string | undefined; targetDate: string | undefined; budget: number | undefined; priority: "high" | "low" | "medium"; status: "completed" | ... 2 more ... | "on-hold"; progress: number; imageUrl: string | undefined; }' is not assignable to parameter of type 'SetStateAction<Omit<Goal, "id" | "createdAt" | "updatedAt">>'.
  Property 'completed' is missing in type '{ title: string; description: string | undefined; visionId: string; startDate: string | undefined; targetDate: string | undefined; budget: number | undefined; priority: "high" | "low" | "medium"; status: "completed" | ... 2 more ... | "on-hold"; progress: number; imageUrl: string | undefined; }' but required in type 'Omit<Goal, "id" | "createdAt" | "updatedAt">'.
components/VisionForm.tsx(33,24): error TS2339: Property 'date' does not exist on type 'Vision'.
components/VisionForm.tsx(34,24): error TS2339: Property 'time' does not exist on type 'Vision'.
components/VisionForm.tsx(35,25): error TS2339: Property 'place' does not exist on type 'Vision'.
components/VisionForm.tsx(108,7): error TS2353: Object literal may only specify known properties, and 'date' does not exist in type 'Vision'.
components/VisionFormWithCategories.tsx(141,12): error TS2345: Argument of type '{ title: string; description: string; category: (typeof VISION_CATEGORIES)[number]; imageUrl: string; categoryImageUrl: string; startDate: string; endDate: string; priority: "low" | "medium" | "high"; ... 6 more ...; words: Word[]; }' is not assignable to parameter of type 'Omit<Vision, "id" | "createdAt" | "updatedAt">'.
  Property 'completed' is missing in type '{ title: string; description: string; category: (typeof VISION_CATEGORIES)[number]; imageUrl: string; categoryImageUrl: string; startDate: string; endDate: string; priority: "low" | "medium" | "high"; ... 6 more ...; words: Word[]; }' but required in type 'Omit<Vision, "id" | "createdAt" | "updatedAt">'.
lib/backup/bunny-client.ts(43,11): error TS2353: Object literal may only specify known properties, and 'timeout' does not exist in type 'RequestInit'.
lib/backup/bunny-client.ts(87,11): error TS2353: Object literal may only specify known properties, and 'timeout' does not exist in type 'RequestInit'.
lib/backup/bunny-client.ts(160,11): error TS2353: Object literal may only specify known properties, and 'timeout' does not exist in type 'RequestInit'.
lib/backup/index.ts(46,35): error TS2554: Expected 0 arguments, but got 1.
lib/broadcastRuns.ts(321,33): error TS2552: Cannot find name 'BroadcastRunMessage'. Did you mean 'broadcastRunMessageFind'?
lib/broadcastRuns.ts(341,17): error TS2552: Cannot find name 'BroadcastRunMessage'. Did you mean 'broadcastRunMessageFind'?
lib/broadcastRuns.ts(351,19): error TS2552: Cannot find name 'BroadcastRun'. Did you mean 'broadcastRunFind'?
lib/broadcastRuns.ts(362,17): error TS2552: Cannot find name 'BroadcastRunMessage'. Did you mean 'broadcastRunMessageFind'?
lib/broadcastRuns.ts(375,42): error TS2552: Cannot find name 'WhatsAppMessage'. Did you mean 'getQrWhatsAppMessage'?
lib/broadcastRuns.ts(382,17): error TS2552: Cannot find name 'BroadcastRunMessage'. Did you mean 'broadcastRunMessageFind'?
lib/broadcastRuns.ts(395,17): error TS2552: Cannot find name 'BroadcastRunMessage'. Did you mean 'broadcastRunMessageFind'?
lib/broadcastRuns.ts(419,19): error TS2552: Cannot find name 'BroadcastRun'. Did you mean 'broadcastRunFind'?
lib/broadcastRuns.ts(426,17): error TS2552: Cannot find name 'BroadcastRunMessage'. Did you mean 'broadcastRunMessageFind'?
lib/broadcastRuns.ts(443,19): error TS2304: Cannot find name 'BroadcastRun'.
lib/broadcastRuns.ts(450,17): error TS2304: Cannot find name 'BroadcastRunMessage'.
lib/broadcastRuns.ts(463,29): error TS2304: Cannot find name 'BroadcastRunMessage'.
lib/broadcastRuns.ts(504,29): error TS2304: Cannot find name 'WhatsAppMessage'.
lib/broadcastRuns.ts(548,19): error TS2304: Cannot find name 'WhatsAppMessage'.
lib/broadcastRuns.ts(566,17): error TS2304: Cannot find name 'BroadcastRunMessage'.
lib/broadcastRuns.ts(613,19): error TS2304: Cannot find name 'BroadcastRun'.
lib/broadcastRuns.ts(632,23): error TS2304: Cannot find name 'CRMUserSettings'.
lib/broadcastRuns.ts(770,23): error TS2304: Cannot find name 'BroadcastRunMessage'.
lib/broadcastRuns.ts(927,25): error TS2304: Cannot find name 'CRMUserSettings'.
lib/broadcastRuns.ts(992,41): error TS2304: Cannot find name 'Lead'.
lib/broadcastRuns.ts(995,23): error TS2304: Cannot find name 'DeletedLead'.
lib/broadcastRuns.ts(1014,23): error TS2304: Cannot find name 'Lead'.
lib/broadcastRuns.ts(1033,19): error TS2304: Cannot find name 'WhatsAppMessage'.
lib/broadcastRuns.ts(1045,17): error TS2304: Cannot find name 'BroadcastRunMessage'.
lib/broadcastRuns.ts(1068,19): error TS2304: Cannot find name 'BroadcastRun'.
lib/broadcastRuns.ts(1088,25): error TS2304: Cannot find name 'CRMUserSettings'.
lib/broadcastRuns.ts(1110,19): error TS2304: Cannot find name 'BroadcastRun'.
lib/broadcastRuns.ts(1127,17): error TS2304: Cannot find name 'BroadcastRun'.
lib/broadcastRuns.ts(1132,17): error TS2304: Cannot find name 'BroadcastRun'.
lib/broadcastRuns.ts(1146,13): error TS2304: Cannot find name 'BroadcastRun'.
lib/broadcastRuns.ts(1165,9): error TS2304: Cannot find name 'connectDB'.
lib/broadcastRuns.ts(1167,21): error TS2304: Cannot find name 'BroadcastRun'.
lib/broadcastRuns.ts(1207,9): error TS2304: Cannot find name 'BroadcastRun'.
lib/bunny-storage.ts(673,9): error TS2769: No overload matches this call.
  Overload 1 of 2, '(input: string | URL | Request, init?: RequestInit | undefined): Promise<Response>', gave the following error.
    Type 'Buffer<ArrayBufferLike>' is not assignable to type 'BodyInit | null | undefined'.
      Type 'Buffer<ArrayBufferLike>' is missing the following properties from type 'URLSearchParams': size, append, delete, get, and 2 more.
  Overload 2 of 2, '(input: URL | RequestInfo, init?: RequestInit | undefined): Promise<Response>', gave the following error.
    Type 'Buffer<ArrayBufferLike>' is not assignable to type 'BodyInit | null | undefined'.
      Type 'Buffer<ArrayBufferLike>' is missing the following properties from type 'URLSearchParams': size, append, delete, get, and 2 more.
lib/bunny/bunnyUpload.ts(69,7): error TS2769: No overload matches this call.
  Overload 1 of 2, '(input: string | URL | Request, init?: RequestInit | undefined): Promise<Response>', gave the following error.
    Type 'Buffer<ArrayBufferLike>' is not assignable to type 'BodyInit | null | undefined'.
      Type 'Buffer<ArrayBufferLike>' is missing the following properties from type 'URLSearchParams': size, append, delete, get, and 2 more.
  Overload 2 of 2, '(input: URL | RequestInfo, init?: RequestInit | undefined): Promise<Response>', gave the following error.
    Type 'Buffer<ArrayBufferLike>' is not assignable to type 'BodyInit | null | undefined'.
      Type 'Buffer<ArrayBufferLike>' is missing the following properties from type 'URLSearchParams': size, append, delete, get, and 2 more.
lib/bunnyArchiver.ts(168,55): error TS2339: Property 'slice' does not exist on type 'string | number | bigint | ArrayBuffer'.
  Property 'slice' does not exist on type 'number'.
lib/chatbot/knowledge-bot.ts(58,27): error TS2339: Property '_id' does not exist on type '(FlattenMaps<any> & Required<{ _id: unknown; }>)[] | (FlattenMaps<any> & Required<{ _id: unknown; }>)'.
  Property '_id' does not exist on type '(FlattenMaps<any> & Required<{ _id: unknown; }>)[]'.
lib/chatbot/knowledge-bot.ts(63,57): error TS2339: Property 'shortAnswer' does not exist on type '(FlattenMaps<any> & Required<{ _id: unknown; }>)[] | (FlattenMaps<any> & Required<{ _id: unknown; }>)'.
  Property 'shortAnswer' does not exist on type '(FlattenMaps<any> & Required<{ _id: unknown; }>)[]'.
lib/chatbot/knowledge-bot.ts(64,24): error TS2339: Property 'shortAnswer' does not exist on type '(FlattenMaps<any> & Required<{ _id: unknown; }>)[] | (FlattenMaps<any> & Required<{ _id: unknown; }>)'.
  Property 'shortAnswer' does not exist on type '(FlattenMaps<any> & Required<{ _id: unknown; }>)[]'.
lib/chatbot/knowledge-bot.ts(65,24): error TS2339: Property 'content' does not exist on type '(FlattenMaps<any> & Required<{ _id: unknown; }>)[] | (FlattenMaps<any> & Required<{ _id: unknown; }>)'.
  Property 'content' does not exist on type '(FlattenMaps<any> & Required<{ _id: unknown; }>)[]'.
lib/chatbot/knowledge-bot.ts(67,38): error TS2339: Property '_id' does not exist on type '(FlattenMaps<any> & Required<{ _id: unknown; }>)[] | (FlattenMaps<any> & Required<{ _id: unknown; }>)'.
  Property '_id' does not exist on type '(FlattenMaps<any> & Required<{ _id: unknown; }>)[]'.
lib/chatbot/knowledge-bot.ts(68,30): error TS2339: Property 'category' does not exist on type '(FlattenMaps<any> & Required<{ _id: unknown; }>)[] | (FlattenMaps<any> & Required<{ _id: unknown; }>)'.
  Property 'category' does not exist on type '(FlattenMaps<any> & Required<{ _id: unknown; }>)[]'.
lib/course-certificate-generator.ts(72,5): error TS2353: Object literal may only specify known properties, and 'color' does not exist in type 'PDFGradient | [PDFTilingPattern, TilingPatternColorValue] | [number, number, number] | [number, number, number, number]'.
lib/course-certificate-generator.ts(104,5): error TS2353: Object literal may only specify known properties, and 'color' does not exist in type 'PDFGradient | [PDFTilingPattern, TilingPatternColorValue] | [number, number, number] | [number, number, number, number]'.
lib/course-certificate-generator.ts(163,5): error TS2353: Object literal may only specify known properties, and 'color' does not exist in type 'PDFGradient | [PDFTilingPattern, TilingPatternColorValue] | [number, number, number] | [number, number, number, number]'.
lib/course-certificate-generator.ts(175,5): error TS2353: Object literal may only specify known properties, and 'color' does not exist in type 'PDFGradient | [PDFTilingPattern, TilingPatternColorValue] | [number, number, number] | [number, number, number, number]'.
lib/crm/apiGuards.ts(16,31): error TS2307: Cannot find module './planConfig' or its corresponding type declarations.
lib/crm/apiGuards.ts(42,28): error TS2339: Property 'plan' does not exist on type 'TokenPayload'.
lib/crm/autoLead.ts(72,34): error TS2554: Expected 1 arguments, but got 0.
lib/crm/planGuards.ts(14,31): error TS2307: Cannot find module './planConfig' or its corresponding type declarations.
lib/crm/planGuards.ts(15,30): error TS2307: Cannot find module './planConfig' or its corresponding type declarations.
lib/emailBunnyRepository.ts(254,15): error TS2345: Argument of type 'string' is not assignable to parameter of type 'never'.
lib/errorTracking.ts(38,9): error TS1117: An object literal cannot have multiple properties with the same name.
lib/lifePlannerMongoStorage.ts(159,37): error TS2339: Property 'Authorization' does not exist on type '{ 'Content-Type': string; }'.
lib/models/FormDraft.ts(27,5): error TS2322: Type '{ type: ArrayConstructor; default: never[]; }' is not assignable to type 'SchemaDefinitionProperty<any[], IFormDraft> | undefined'.
  Types of property 'type' are incompatible.
    Type 'ArrayConstructor' is not assignable to type 'typeof Mixed | AnyArray<ObjectIdSchemaDefinition> | AnyArray<SchemaTypeOptions<ObjectId, IFormDraft>> | undefined'.
      Type 'ArrayConstructor' is missing the following properties from type 'typeof Mixed': schemaName, cast, checkRequired, set, get
lib/qrBackupService.ts(30,9): error TS2322: Type 'string' is not assignable to type 'ObjectId'.
lib/qrBackupService.ts(117,11): error TS2322: Type 'string' is not assignable to type 'Condition<ObjectId> | undefined'.
lib/qrContactsSync.ts(78,29): error TS2345: Argument of type '{ userId: string; googleContactId: string; name: string; phone: string; email: string; syncedAt: Date; source: string; }' is not assignable to parameter of type 'never'.
lib/sadhanaAnalyticsService.ts(212,28): error TS2345: Argument of type '{ date: any; timeSlot: any; participants: any; averageDuration: any; rating: any; videoQuality: any; recorded: any; }' is not assignable to parameter of type 'never'.
lib/sadhanaRecordingService.ts(278,20): error TS2345: Argument of type '{ success: boolean; cdnUrl?: string | undefined; message: string; }' is not assignable to parameter of type 'never'.
lib/sadhanaRecordingService.ts(281,48): error TS2339: Property 'success' does not exist on type 'never'.
lib/sadhanaSchedulerService.ts(142,7): error TS2322: Type 'string | null' is not assignable to type 'string | undefined'.
  Type 'null' is not assignable to type 'string | undefined'.
lib/sadhanaSchedulerService.ts(150,11): error TS2554: Expected 2 arguments, but got 1.
lib/sadhanaSchedulerService.ts(165,11): error TS2554: Expected 2 arguments, but got 1.
lib/sadhanaSchedulerService.ts(185,32): error TS2345: Argument of type '{ meetingId: string; meetingPassword: string | null; videoDurationMinutes: number; }' is not assignable to parameter of type 'string'.
lib/schemas/rituDietaryRecommendations.ts(117,3): error TS2322: Type 'Model<any, unknown, unknown, unknown, any, any>' is not assignable to type 'Model<IRituDietaryRecommendation, {}, {}, {}, Document<unknown, {}, IRituDietaryRecommendation> & IRituDietaryRecommendation & { ...; }, any>'.
  The types returned by 'findById(...).exec()' are incompatible between these types.
    Type 'Promise<(FlattenMaps<any> & Required<{ _id: unknown; }>)[] | (FlattenMaps<any> & Required<{ _id: unknown; }>) | null>' is not assignable to type 'Promise<(FlattenMaps<IRituDietaryRecommendation> & { _id: ObjectId; }) | null>'.
      Type '(FlattenMaps<any> & Required<{ _id: unknown; }>)[] | (FlattenMaps<any> & Required<{ _id: unknown; }>) | null' is not assignable to type '(FlattenMaps<IRituDietaryRecommendation> & { _id: ObjectId; }) | null'.
        Type '(FlattenMaps<any> & Required<{ _id: unknown; }>)[]' is not assignable to type 'FlattenMaps<IRituDietaryRecommendation> & { _id: ObjectId; }'.
          Type '(FlattenMaps<any> & Required<{ _id: unknown; }>)[]' is missing the following properties from type 'FlattenMaps<IRituDietaryRecommendation>': ritu, phase, title, tasteRecommendations, and 54 more.
lib/schemas/rituDietaryRecommendations.ts(119,3): error TS2322: Type 'Model<{ createdAt: NativeDate; updatedAt: NativeDate; } & { createdAt: Date; updatedAt: Date; title: string; ritu: "hemant" | "sharad" | "varsha" | "vasant" | "shishir" | "grishma"; phase: "begin" | ... 1 more ... | "last"; tasteRecommendations: DocumentArray<...>; avoidRecommendations: DocumentArray<...>; additiona...' is not assignable to type 'Model<IRituDietaryRecommendation, {}, {}, {}, Document<unknown, {}, IRituDietaryRecommendation> & IRituDietaryRecommendation & { ...; }, any>'.
  The types returned by 'castObject(...)' are incompatible between these types.
    Type '{ createdAt: NativeDate; updatedAt: NativeDate; } & { createdAt: Date; updatedAt: Date; title: string; ritu: "hemant" | "sharad" | "varsha" | "vasant" | "shishir" | "grishma"; phase: "begin" | ... 1 more ... | "last"; tasteRecommendations: DocumentArray<...>; avoidRecommendations: DocumentArray<...>; additionalNotes...' is missing the following properties from type 'IRituDietaryRecommendation': $assertPopulated, $clone, $getAllSubdocs, $ignore, and 47 more.
lib/socialMediaScope.ts(60,47): error TS2339: Property 'tenantSlug' does not exist on type 'never'.
lib/socialMediaScope.ts(66,60): error TS2339: Property 'userId' does not exist on type 'never'.
lib/zoomBotService.ts(91,5): error TS2322: Type 'string | null' is not assignable to type 'string'.
  Type 'null' is not assignable to type 'string'.
lib/zoomBotService.ts(415,9): error TS2552: Cannot find name 'message'. Did you mean 'onmessage'?
lib/zoomBotServiceSimple.ts(59,5): error TS2322: Type 'string | null' is not assignable to type 'string'.
  Type 'null' is not assignable to type 'string'.
