.next/types/app/admin/crm/qr/broadcast/page.ts(28,13): error TS2344: Type 'OmitWithTag<BroadcastPageProps, keyof PageProps, "default">' does not satisfy the constraint '{ [x: string]: never; }'.
  Property 'isEmbedded' is incompatible with index signature.
    Type 'boolean' is not assignable to type 'never'.
.next/types/app/admin/crm/qr/broadcast/page.ts(28,29): error TS2559: Type 'BroadcastPageProps' has no properties in common with type 'PageProps'.
.next/types/app/admin/crm/templates/builder/page.ts(28,29): error TS2344: Type '{ embeddedLanguage?: string | undefined; onSaveSuccess?: (() => void) | undefined; } | undefined' does not satisfy the constraint 'PageProps'.
  Type 'undefined' is not assignable to type 'PageProps'.
.next/types/app/enquiry/layout.ts(28,13): error TS2344: Type 'OmitWithTag<Props & { searchParams: Promise<{ w?: string | undefined; workshopId?: string | undefined; }>; }, keyof LayoutProps, "default">' does not satisfy the constraint '{ [x: string]: never; }'.
  Property 'searchParams' is incompatible with index signature.
    Type 'Promise<{ w?: string | undefined; workshopId?: string | undefined; }>' is not assignable to type 'never'.
.next/types/app/enquiry/layout.ts(32,15): error TS2344: Type 'OmitWithTag<{ searchParams: Promise<{ w?: string | undefined; workshopId?: string | undefined; }>; }, keyof LayoutProps, "generateMetadata">' does not satisfy the constraint '{ [x: string]: never; }'.
  Property 'searchParams' is incompatible with index signature.
    Type 'Promise<{ w?: string | undefined; workshopId?: string | undefined; }>' is not assignable to type 'never'.
.next/types/app/enquiry/layout.ts(32,33): error TS2559: Type '{ searchParams: Promise<{ w?: string | undefined; workshopId?: string | undefined; }>; }' has no properties in common with type 'LayoutProps'.
.next/types/app/life-planner/ritucharya/page.ts(8,13): error TS2344: Type 'OmitWithTag<typeof import("/Users/mohankalburgi/swaryoga.com-db/app/life-planner/ritucharya/page"), "default" | "config" | "generateStaticParams" | "revalidate" | "dynamic" | "dynamicParams" | ... 7 more ... | "generateViewport", "">' does not satisfy the constraint '{ [x: string]: never; }'.
  Property 'RitucharyaExperience' is incompatible with index signature.
    Type '({ persist, showChrome, getAuthToken, }?: { persist?: RitucharyaPersist | undefined; showChrome?: boolean | undefined; getAuthToken?: (() => string | null) | undefined; }) => Element' is not assignable to type 'never'.
.next/types/app/sadhana/community/private-videos/[videoId]/page.ts(28,13): error TS2344: Type 'OmitWithTag<{ params: Promise<{ videoId: string; }> | { videoId: string; }; token: string | null; }, keyof PageProps, "default">' does not satisfy the constraint '{ [x: string]: never; }'.
  Property 'token' is incompatible with index signature.
    Type 'string | null' is not assignable to type 'never'.
      Type 'null' is not assignable to type 'never'.
.next/types/app/sadhana/community/private-videos/page.ts(28,13): error TS2344: Type 'OmitWithTag<{ token: string | null; }, keyof PageProps, "default">' does not satisfy the constraint '{ [x: string]: never; }'.
  Property 'token' is incompatible with index signature.
    Type 'string | null' is not assignable to type 'never'.
      Type 'null' is not assignable to type 'never'.
.next/types/app/sadhana/community/private-videos/page.ts(28,29): error TS2559: Type '{ token: string | null; }' has no properties in common with type 'PageProps'.
app/admin/crm/broadcast/page.tsx(522,13): error TS2304: Cannot find name 'setBatchDecisions'.
app/admin/crm/broadcast/page.tsx(527,13): error TS2552: Cannot find name 'setFormWorkshops'. Did you mean 'setFilterWorkshops'?
app/admin/crm/e-learning/rag-video/_components/Mp4ToMp3Converter.tsx(106,30): error TS2322: Type 'FileData' is not assignable to type 'BlobPart'.
  Type 'Uint8Array<ArrayBufferLike>' is not assignable to type 'BlobPart'.
    Type 'Uint8Array<ArrayBufferLike>' is not assignable to type 'ArrayBufferView<ArrayBuffer>'.
      Types of property 'buffer' are incompatible.
        Type 'ArrayBufferLike' is not assignable to type 'ArrayBuffer'.
          Type 'SharedArrayBuffer' is not assignable to type 'ArrayBuffer'.
            Types of property '[Symbol.toStringTag]' are incompatible.
              Type '"SharedArrayBuffer"' is not assignable to type '"ArrayBuffer"'.
app/admin/crm/meta/page.tsx(4409,38): error TS2339: Property 'metadata' does not exist on type 'ConversationRow'.
app/admin/crm/new-registration/english/page.tsx(2151,134): error TS2367: This comparison appears to be unintentional because the types '"leads" | "templates" | "details" | "setup" | "workshop_details" | "closing" | "forms"' and '"meta_leads"' have no overlap.
app/admin/crm/new-registration/english/page.tsx(2423,12): error TS2367: This comparison appears to be unintentional because the types '"leads" | "templates" | "details" | "my_batches" | "my_data" | "all_leads" | "our_workshops" | "leads_management" | "whatsapp_messenger" | "setup" | "workshop_details" | "closing" | "forms"' and '"meta_leads"' have no overlap.
app/admin/crm/new-registration/hindi/page.tsx(2151,134): error TS2367: This comparison appears to be unintentional because the types '"leads" | "templates" | "details" | "setup" | "workshop_details" | "closing" | "forms"' and '"meta_leads"' have no overlap.
app/admin/crm/new-registration/hindi/page.tsx(2423,12): error TS2367: This comparison appears to be unintentional because the types '"leads" | "templates" | "details" | "my_batches" | "my_data" | "all_leads" | "our_workshops" | "leads_management" | "whatsapp_messenger" | "setup" | "workshop_details" | "closing" | "forms"' and '"meta_leads"' have no overlap.
app/admin/crm/new-registration/kannada/page.tsx(2151,134): error TS2367: This comparison appears to be unintentional because the types '"leads" | "templates" | "details" | "setup" | "workshop_details" | "closing" | "forms"' and '"meta_leads"' have no overlap.
app/admin/crm/new-registration/kannada/page.tsx(2423,12): error TS2367: This comparison appears to be unintentional because the types '"leads" | "templates" | "details" | "my_batches" | "my_data" | "all_leads" | "our_workshops" | "leads_management" | "whatsapp_messenger" | "setup" | "workshop_details" | "closing" | "forms"' and '"meta_leads"' have no overlap.
app/admin/crm/new-registration/marathi/page.tsx(2151,134): error TS2367: This comparison appears to be unintentional because the types '"leads" | "templates" | "details" | "setup" | "workshop_details" | "closing" | "forms"' and '"meta_leads"' have no overlap.
app/admin/crm/new-registration/marathi/page.tsx(2423,12): error TS2367: This comparison appears to be unintentional because the types '"leads" | "templates" | "details" | "my_batches" | "my_data" | "all_leads" | "our_workshops" | "leads_management" | "whatsapp_messenger" | "setup" | "workshop_details" | "closing" | "forms"' and '"meta_leads"' have no overlap.
app/admin/crm/planner-dashboard/accounting/page.tsx(1448,96): error TS2769: No overload matches this call.
  Overload 1 of 4, '(value: string | number | Date): Date', gave the following error.
    Argument of type 'string | undefined' is not assignable to parameter of type 'string | number | Date'.
      Type 'undefined' is not assignable to type 'string | number | Date'.
  Overload 2 of 4, '(value: string | number): Date', gave the following error.
    Argument of type 'string | undefined' is not assignable to parameter of type 'string | number'.
      Type 'undefined' is not assignable to type 'string | number'.
app/admin/crm/sadhana-programs/page.tsx(112,23): error TS2345: Argument of type '{ name: string; description: string; timeSlots: string[]; timezone: string; videoDuration: number; countdownMinutes: number; days: number[]; repeatFrequency: string; startDate: string; botName: string; botJoinMinutes: number; enableBotAutomation: true; zoomPassword: string; }' is not assignable to parameter of type 'SetStateAction<{ name: string; description: string; timeSlots: string[]; timezone: string; videoDuration: number; countdownMinutes: number; days: number[]; repeatFrequency: string; startDate: string; botName: string; ... 4 more ...; zoomPassword: string; }>'.
  Type '{ name: string; description: string; timeSlots: string[]; timezone: string; videoDuration: number; countdownMinutes: number; days: number[]; repeatFrequency: string; startDate: string; botName: string; botJoinMinutes: number; enableBotAutomation: true; zoomPassword: string; }' is missing the following properties from type '{ name: string; description: string; timeSlots: string[]; timezone: string; videoDuration: number; countdownMinutes: number; days: number[]; repeatFrequency: string; startDate: string; botName: string; ... 4 more ...; zoomPassword: string; }': zoomLink, zoomId
app/admin/crm/workshop-offer/_CanvaStudioTab.tsx(130,17): error TS2339: Property 'addToast' does not exist on type 'ToastContextValue'.
app/admin/crm/workshop-offer/_OfferDetailsTab.tsx(32,15): error TS2339: Property 'success' does not exist on type '(message: string, type?: ToastType | undefined, duration?: number | undefined) => void'.
app/admin/crm/workshop-offer/_OfferDetailsTab.tsx(122,13): error TS2339: Property 'error' does not exist on type '(message: string, type?: ToastType | undefined, duration?: number | undefined) => void'.
app/admin/crm/workshop-offer/_OfferDetailsTab.tsx(141,11): error TS2339: Property 'success' does not exist on type '(message: string, type?: ToastType | undefined, duration?: number | undefined) => void'.
app/admin/crm/workshop-offer/_ReceivedAmountTab.tsx(39,19): error TS2345: Argument of type '{ id: string; label: string; }' is not assignable to parameter of type 'never'.
app/admin/crm/workshop-offer/_ReceivedAmountTab.tsx(101,26): error TS2339: Property 'id' does not exist on type 'never'.
app/admin/crm/workshop-offer/_ReceivedAmountTab.tsx(102,53): error TS2339: Property 'id' does not exist on type 'never'.
app/admin/crm/workshop-offer/_ReceivedAmountTab.tsx(104,41): error TS2339: Property 'id' does not exist on type 'never'.
app/admin/crm/workshop-offer/_ReceivedAmountTab.tsx(109,28): error TS2339: Property 'label' does not exist on type 'never'.
app/admin/crm/workshop-offer/_ReceivedAmountTab.tsx(110,40): error TS2339: Property 'id' does not exist on type 'never'.
app/admin/crm/workshop-offer/_ReceivedAmountTab.tsx(134,59): error TS2339: Property 'id' does not exist on type 'never'.
app/admin/crm/workshop-offer/_ReceivedAmountTab.tsx(134,82): error TS2339: Property 'label' does not exist on type 'never'.
app/admin/crm/workshop-offer/_WorkshopFormTab.tsx(477,59): error TS2322: Type 'unknown' is not assignable to type 'string | number | readonly string[] | undefined'.
app/admin/crm/workshop-offer/_WorkshopFormTab.tsx(477,74): error TS2322: Type 'unknown' is not assignable to type 'ReactNode'.
app/admin/crm/workshop-offer/page.tsx(1252,24): error TS2345: Argument of type '"forms"' is not assignable to parameter of type 'SetStateAction<"my_data" | "all_leads" | "our_workshops" | "offer_details" | "received_amount" | "create_receipts">'.
app/admin/crm/workshop-offer/page.tsx(1485,22): error TS2345: Argument of type '"details"' is not assignable to parameter of type 'SetStateAction<"my_data" | "all_leads" | "our_workshops" | "offer_details" | "received_amount" | "create_receipts">'.
app/admin/crm/workshop-offer/page.tsx(1654,8): error TS2367: This comparison appears to be unintentional because the types '"my_data" | "all_leads" | "our_workshops" | "offer_details" | "received_amount" | "create_receipts"' and '"closing"' have no overlap.
app/admin/crm/workshop-offer/page.tsx(1942,47): error TS17001: JSX elements cannot have multiple attributes with the same name.
app/admin/crm/workshop-offer/page.tsx(1960,9): error TS2367: This comparison appears to be unintentional because the types '"my_data" | "all_leads" | "our_workshops" | "offer_details" | "received_amount" | "create_receipts"' and '"leads_management"' have no overlap.
app/admin/crm/workshop-offer/page.tsx(1960,45): error TS2367: This comparison appears to be unintentional because the types '"my_data" | "all_leads" | "our_workshops" | "offer_details" | "received_amount" | "create_receipts"' and '"whatsapp_messenger"' have no overlap.
app/admin/crm/workshop-offer/page.tsx(2030,71): error TS2367: This comparison appears to be unintentional because the types '"our_workshops"' and '"my_batches"' have no overlap.
app/admin/crm/workshop-offer/page.tsx(2059,19): error TS2367: This comparison appears to be unintentional because the types '"my_data" | "all_leads" | "our_workshops"' and '"my_batches"' have no overlap.
app/admin/crm/workshop-offer/page.tsx(2107,42): error TS2345: Argument of type '"my_batches"' is not assignable to parameter of type 'SetStateAction<"my_data" | "all_leads" | "our_workshops" | "offer_details" | "received_amount" | "create_receipts">'.
app/admin/crm/workshop-offer/page.tsx(2334,102): error TS2367: This comparison appears to be unintentional because the types '"offer_details" | "received_amount" | "create_receipts"' and '"my_batches"' have no overlap.
app/admin/crm/workshop-offer/page.tsx(2365,12): error TS2367: This comparison appears to be unintentional because the types '"my_data" | "all_leads" | "our_workshops" | "offer_details" | "received_amount" | "create_receipts"' and '"wt_group_message"' have no overlap.
app/api/admin/canva/meta-ai/route.ts(281,14): error TS2322: Type 'string' is not assignable to type 'null'.
app/api/admin/canva/meta-ai/route.ts(301,16): error TS2322: Type 'string' is not assignable to type 'null'.
app/api/admin/canva/meta-ai/route.ts(309,16): error TS2322: Type 'string' is not assignable to type 'null'.
app/api/admin/community/members/route.ts(30,7): error TS2322: Type '{ members: any[]; total: number; }' is not assignable to type '{ members: never[]; total: number; }'.
  Types of property 'members' are incompatible.
    Type 'any[]' is not assignable to type 'never[]'.
      Type 'any' is not assignable to type 'never'.
app/api/admin/crm/admin-activity/route.ts(274,35): error TS2339: Property 'createdAt' does not exist on type '(FlattenMaps<any> & Required<{ _id: unknown; }>)[] | (FlattenMaps<any> & Required<{ _id: unknown; }>)'.
  Property 'createdAt' does not exist on type '(FlattenMaps<any> & Required<{ _id: unknown; }>)[]'.
app/api/admin/crm/anti-bug/route.ts(279,21): error TS2554: Expected 0 arguments, but got 1.
app/api/admin/crm/anti-bug/route.ts(280,21): error TS2554: Expected 0 arguments, but got 1.
app/api/admin/crm/anti-bug/route.ts(281,23): error TS2554: Expected 0 arguments, but got 1.
app/api/admin/crm/anti-bug/route.ts(291,73): error TS2339: Property 'level' does not exist on type 'never'.
app/api/admin/crm/anti-bug/route.ts(301,18): error TS2339: Property 'critical' does not exist on type '{}'.
app/api/admin/crm/anti-bug/route.ts(310,29): error TS2339: Property 'critical' does not exist on type '{}'.
app/api/admin/crm/email/campaigns/route.ts(24,39): error TS2339: Property 'isSuperAdmin' does not exist on type 'TokenPayload'.
app/api/admin/crm/email/followups/route.ts(19,39): error TS2339: Property 'isSuperAdmin' does not exist on type 'TokenPayload'.
app/api/admin/crm/email/followups/route.ts(32,41): error TS2367: This comparison appears to be unintentional because the types 'number' and 'boolean' have no overlap.
app/api/admin/crm/email/followups/route.ts(58,39): error TS2339: Property 'isSuperAdmin' does not exist on type 'TokenPayload'.
app/api/admin/crm/email/process-scheduled/route.ts(63,9): error TS2322: Type '{ _id: any; name: any; subject: any; body: any; templateId: any; recipients: any; attachments: any; status: any; sentCount: any; failedCount: any; scheduledAt: any; sentAt: any; createdBy: any; sentBy: any; createdAt: any; updatedAt: any; } | null' is not assignable to type '{ _id: any; name: any; subject: any; body: any; templateId: any; recipients: any; attachments: any; status: any; sentCount: any; failedCount: any; scheduledAt: any; sentAt: any; createdBy: any; sentBy: any; createdAt: any; updatedAt: any; }'.
  Type 'null' is not assignable to type '{ _id: any; name: any; subject: any; body: any; templateId: any; recipients: any; attachments: any; status: any; sentCount: any; failedCount: any; scheduledAt: any; sentAt: any; createdBy: any; sentBy: any; createdAt: any; updatedAt: any; }'.
app/api/admin/crm/email/send/route.ts(135,23): error TS18047: 'campaign' is possibly 'null'.
app/api/admin/crm/email/send/route.ts(155,23): error TS18047: 'campaign' is possibly 'null'.
app/api/admin/crm/email/send/route.ts(156,26): error TS18047: 'campaign' is possibly 'null'.
app/api/admin/crm/email/send/route.ts(156,54): error TS18047: 'campaign' is possibly 'null'.
app/api/admin/crm/email/send/route.ts(164,9): error TS18047: 'campaign' is possibly 'null'.
app/api/admin/crm/email/send/route.ts(165,15): error TS18047: 'campaign' is possibly 'null'.
app/api/admin/crm/email/send/route.ts(165,24): error TS2339: Property 'save' does not exist on type '{ _id: any; name: any; subject: any; body: any; templateId: any; recipients: any; attachments: any; status: any; sentCount: any; failedCount: any; scheduledAt: any; sentAt: any; createdBy: any; sentBy: any; createdAt: any; updatedAt: any; }'.
app/api/admin/crm/email/send/route.ts(173,19): error TS18047: 'campaign' is possibly 'null'.
app/api/admin/crm/email/send/route.ts(174,22): error TS18047: 'campaign' is possibly 'null'.
app/api/admin/crm/email/send/route.ts(174,50): error TS18047: 'campaign' is possibly 'null'.
app/api/admin/crm/email/settings/route.ts(34,41): error TS2339: Property 'createdBy' does not exist on type '{ _id: any; senderEmail: any; senderName: any; resendApiKey: any; smtpHost: any; smtpPort: any; smtpUser: any; smtpPass: any; isDefault: number; isActive: number; isVerified: number; createdAt: any; updatedAt: any; }'.
app/api/admin/crm/email/settings/route.ts(105,46): error TS2339: Property 'createdBy' does not exist on type '{ _id: any; senderEmail: any; senderName: any; resendApiKey: any; smtpHost: any; smtpPort: any; smtpUser: any; smtpPass: any; isDefault: number; isActive: number; isVerified: number; createdAt: any; updatedAt: any; }'.
app/api/admin/crm/email/settings/route.ts(132,28): error TS2339: Property 'createdBy' does not exist on type '{ _id: any; senderEmail: any; senderName: any; resendApiKey: any; smtpHost: any; smtpPort: any; smtpUser: any; smtpPass: any; isDefault: number; isActive: number; isVerified: number; createdAt: any; updatedAt: any; }'.
app/api/admin/crm/email/settings/route.ts(162,29): error TS2339: Property 'createdBy' does not exist on type '{ _id: any; senderEmail: any; senderName: any; resendApiKey: any; smtpHost: any; smtpPort: any; smtpUser: any; smtpPass: any; isDefault: number; isActive: number; isVerified: number; createdAt: any; updatedAt: any; }'.
app/api/admin/crm/email/settings/route.ts(182,20): error TS2322: Type 'boolean' is not assignable to type 'number'.
app/api/admin/crm/email/settings/route.ts(195,5): error TS2322: Type 'boolean' is not assignable to type 'number'.
app/api/admin/crm/email/settings/route.ts(223,29): error TS2339: Property 'createdBy' does not exist on type '{ _id: any; senderEmail: any; senderName: any; resendApiKey: any; smtpHost: any; smtpPort: any; smtpUser: any; smtpPass: any; isDefault: number; isActive: number; isVerified: number; createdAt: any; updatedAt: any; }'.
app/api/admin/crm/email/templates/[id]/route.ts(35,28): error TS2552: Cannot find name 'EmailTemplate'. Did you mean 'getEmailTemplate'?
app/api/admin/crm/email/templates/[id]/route.ts(42,30): error TS2552: Cannot find name 'EmailTemplate'. Did you mean 'getEmailTemplate'?
app/api/admin/crm/email/templates/[id]/route.ts(61,35): error TS2552: Cannot find name 'EmailTemplate'. Did you mean 'getEmailTemplate'?
app/api/admin/crm/email/templates/[id]/route.ts(98,31): error TS2554: Expected 1 arguments, but got 0.
app/api/admin/crm/email/templates/[id]/route.ts(102,42): error TS2339: Property 'findOne' does not exist on type 'Promise<{ _id: any; name: any; subject: any; body: any; variables: any; category: any; createdBy: any; createdAt: any; updatedAt: any; } | null>'.
app/api/admin/crm/email/templates/[id]/route.ts(108,25): error TS2339: Property 'findOneAndDelete' does not exist on type 'Promise<{ _id: any; name: any; subject: any; body: any; variables: any; category: any; createdBy: any; createdAt: any; updatedAt: any; } | null>'.
app/api/admin/crm/error-logs/route.ts(60,24): error TS2554: Expected 0 arguments, but got 3.
app/api/admin/crm/error-logs/route.ts(109,41): error TS2554: Expected 0 arguments, but got 1.
app/api/admin/crm/error-logs/route.ts(117,40): error TS2554: Expected 0 arguments, but got 1.
app/api/admin/crm/google-form-config/route.ts(27,68): error TS2345: Argument of type 'Value' is not assignable to parameter of type 'string'.
  Type 'null' is not assignable to type 'string'.
app/api/admin/crm/integration-hub/route.ts(32,25): error TS2339: Property 'metadata' does not exist on type '(FlattenMaps<any> & Required<{ _id: unknown; }>)[] | (FlattenMaps<any> & Required<{ _id: unknown; }>)'.
  Property 'metadata' does not exist on type '(FlattenMaps<any> & Required<{ _id: unknown; }>)[]'.
app/api/admin/crm/leads/backfill-ids/route.ts(57,36): error TS2554: Expected 1 arguments, but got 0.
app/api/admin/crm/leads/dedup/route.ts(215,18): error TS2345: Argument of type '"dedup"' is not assignable to parameter of type 'LogDomain'.
app/api/admin/crm/leads/dedup/route.ts(341,17): error TS2345: Argument of type '"dedup"' is not assignable to parameter of type 'LogDomain'.
app/api/admin/crm/leads/dedup/route.ts(352,18): error TS2345: Argument of type '"dedup"' is not assignable to parameter of type 'LogDomain'.
app/api/admin/crm/leads/enroll/route.ts(105,38): error TS2554: Expected 1 arguments, but got 0.
app/api/admin/crm/leads/enroll/route.ts(140,36): error TS2554: Expected 1 arguments, but got 0.
app/api/admin/crm/meta-leads/bulk-update/route.ts(30,23): error TS18046: 'u' is of type 'unknown'.
app/api/admin/crm/meta-leads/bulk-update/route.ts(32,13): error TS18046: 'u' is of type 'unknown'.
app/api/admin/crm/meta-leads/bulk-update/route.ts(34,37): error TS18046: 'u' is of type 'unknown'.
app/api/admin/crm/meta-leads/dummy/route.ts(21,25): error TS2345: Argument of type '{ name: any; values: any; }' is not assignable to parameter of type 'never'.
app/api/admin/crm/meta-leads/dummy/route.ts(38,54): error TS2339: Property 'name' does not exist on type 'never'.
app/api/admin/crm/meta-leads/dummy/route.ts(39,54): error TS2339: Property 'name' does not exist on type 'never'.
app/api/admin/crm/meta-leads/dummy/route.ts(51,25): error TS2345: Argument of type '{ name: string; values: string[]; }' is not assignable to parameter of type 'never'.
app/api/admin/crm/meta-leads/dummy/route.ts(56,25): error TS2345: Argument of type '{ name: string; values: string[]; }' is not assignable to parameter of type 'never'.
app/api/admin/crm/meta-leads/dummy/route.ts(61,25): error TS2345: Argument of type '{ name: string; values: string[]; }' is not assignable to parameter of type 'never'.
app/api/admin/crm/meta-leads/sync/route.ts(53,27): error TS2345: Argument of type '{ name: any; values: any; }' is not assignable to parameter of type 'never'.
app/api/admin/crm/meta-leads/sync/route.ts(66,56): error TS2339: Property 'name' does not exist on type 'never'.
app/api/admin/crm/meta-leads/sync/route.ts(67,56): error TS2339: Property 'name' does not exist on type 'never'.
app/api/admin/crm/meta-leads/sync/route.ts(115,11): error TS2698: Spread types may only be created from object types.
app/api/admin/crm/meta-leads/sync/route.ts(116,46): error TS2339: Property 'workshopId' does not exist on type 'never'.
app/api/admin/crm/meta-leads/sync/route.ts(117,50): error TS2339: Property 'workshopName' does not exist on type 'never'.
app/api/admin/crm/meta-leads/sync/route.ts(119,26): error TS2339: Property 'metadata' does not exist on type 'never'.
app/api/admin/crm/meta-leads/sync/route.ts(124,52): error TS2339: Property 'labels' does not exist on type 'never'.
app/api/admin/crm/meta-leads/sync/route.ts(125,21): error TS2339: Property '_id' does not exist on type 'never'.
app/api/admin/crm/meta-leads/sync/route.ts(125,37): error TS2339: Property 'id' does not exist on type 'never'.
app/api/admin/crm/meta-leads/trigger-report/route.ts(3,10): error TS2614: Module '"@/lib/mongodb"' has no exported member 'getModel'. Did you mean to use 'import getModel from "@/lib/mongodb"' instead?
app/api/admin/crm/meta-leads/trigger-report/route.ts(57,33): error TS2339: Property 'name' does not exist on type 'never'.
app/api/admin/crm/meta-leads/trigger-report/route.ts(58,30): error TS2339: Property 'phoneNumber' does not exist on type 'never'.
app/api/admin/crm/meta-leads/trigger-wt-now/route.ts(25,77): error TS2554: Expected 2 arguments, but got 4.
app/api/admin/crm/migrate-to-bunny/route.ts(69,27): error TS2345: Argument of type '{ id: unknown; error: any; }' is not assignable to parameter of type 'never'.
app/api/admin/crm/receipts/pdf/route.ts(361,51): error TS2554: Expected 1 arguments, but got 2.
app/api/admin/crm/receipts/pdf/route.ts(371,52): error TS2554: Expected 1 arguments, but got 2.
app/api/admin/crm/reports/route.ts(127,7): error TS2304: Cannot find name 'bunnyExecute'.
app/api/admin/crm/reports/route.ts(127,184): error TS2339: Property 'createdBy' does not exist on type '{ createdByUserId?: undefined; } | { createdByUserId: string; }'.
  Property 'createdBy' does not exist on type '{ createdByUserId?: undefined; }'.
app/api/admin/crm/reports/route.ts(127,240): error TS2339: Property 'createdBy' does not exist on type '{ createdByUserId?: undefined; } | { createdByUserId: string; }'.
  Property 'createdBy' does not exist on type '{ createdByUserId?: undefined; }'.
app/api/admin/crm/reports/route.ts(127,309): error TS2339: Property 'createdBy' does not exist on type '{ createdByUserId?: undefined; } | { createdByUserId: string; }'.
  Property 'createdBy' does not exist on type '{ createdByUserId?: undefined; }'.
app/api/admin/crm/reports/route.ts(129,7): error TS2304: Cannot find name 'bunnyExecute'.
app/api/admin/crm/reports/route.ts(129,163): error TS2339: Property 'createdBy' does not exist on type '{ createdByUserId?: undefined; } | { createdByUserId: string; }'.
  Property 'createdBy' does not exist on type '{ createdByUserId?: undefined; }'.
app/api/admin/crm/reports/route.ts(129,219): error TS2339: Property 'createdBy' does not exist on type '{ createdByUserId?: undefined; } | { createdByUserId: string; }'.
  Property 'createdBy' does not exist on type '{ createdByUserId?: undefined; }'.
app/api/admin/crm/reports/route.ts(129,288): error TS2339: Property 'createdBy' does not exist on type '{ createdByUserId?: undefined; } | { createdByUserId: string; }'.
  Property 'createdBy' does not exist on type '{ createdByUserId?: undefined; }'.
app/api/admin/crm/reports/route.ts(131,7): error TS2304: Cannot find name 'bunnyExecute'.
app/api/admin/crm/reports/route.ts(131,150): error TS2339: Property 'createdBy' does not exist on type '{ createdByUserId?: undefined; } | { createdByUserId: string; }'.
  Property 'createdBy' does not exist on type '{ createdByUserId?: undefined; }'.
app/api/admin/crm/reports/route.ts(131,206): error TS2339: Property 'createdBy' does not exist on type '{ createdByUserId?: undefined; } | { createdByUserId: string; }'.
  Property 'createdBy' does not exist on type '{ createdByUserId?: undefined; }'.
app/api/admin/crm/reports/route.ts(131,275): error TS2339: Property 'createdBy' does not exist on type '{ createdByUserId?: undefined; } | { createdByUserId: string; }'.
  Property 'createdBy' does not exist on type '{ createdByUserId?: undefined; }'.
app/api/admin/crm/sadhana-programs/[id]/route.ts(43,7): error TS2322: Type 'string | number | bigint | ArrayBuffer' is not assignable to type 'number'.
  Type 'string' is not assignable to type 'number'.
app/api/admin/crm/sadhana-programs/[id]/route.ts(49,7): error TS2322: Type 'string | number | bigint | ArrayBuffer' is not assignable to type 'number'.
  Type 'string' is not assignable to type 'number'.
app/api/admin/crm/sales/generate-from-leads/route.ts(103,29): error TS2345: Argument of type '{ _id: mongoose.mongo.BSON.ObjectId; leadId: mongoose.mongo.BSON.ObjectId; customerName: string; customerPhone: any; workshopName: string; saleAmount: number; paidAmount: number; ... 12 more ...; updatedAt: Date; }' is not assignable to parameter of type 'never'.
app/api/admin/crm/sales/tally-sync/route.ts(35,21): error TS2304: Cannot find name 'mongoose'.
app/api/admin/crm/sales/tally-sync/route.ts(41,25): error TS2552: Cannot find name 'getSalesReport'. Did you mean 'SalesReport'?
app/api/admin/crm/sales/tally-sync/route.ts(51,16): error TS2304: Cannot find name 'mongoose'.
app/api/admin/crm/storage-usage/route.ts(129,27): error TS2322: Type 'string | undefined' is not assignable to type 'InValue'.
  Type 'undefined' is not assignable to type 'InValue'.
app/api/admin/crm/whatsapp/diagnostics/route.ts(75,29): error TS2339: Property 'receivedAt' does not exist on type '(FlattenMaps<any> & Required<{ _id: unknown; }>)[] | (FlattenMaps<any> & Required<{ _id: unknown; }>)'.
  Property 'receivedAt' does not exist on type '(FlattenMaps<any> & Required<{ _id: unknown; }>)[]'.
app/api/admin/crm/whatsapp/diagnostics/route.ts(76,35): error TS2339: Property 'receivedAt' does not exist on type '(FlattenMaps<any> & Required<{ _id: unknown; }>)[] | (FlattenMaps<any> & Required<{ _id: unknown; }>)'.
  Property 'receivedAt' does not exist on type '(FlattenMaps<any> & Required<{ _id: unknown; }>)[]'.
app/api/admin/crm/whatsapp/diagnostics/route.ts(77,33): error TS2339: Property 'receivedAt' does not exist on type '(FlattenMaps<any> & Required<{ _id: unknown; }>)[] | (FlattenMaps<any> & Required<{ _id: unknown; }>)'.
  Property 'receivedAt' does not exist on type '(FlattenMaps<any> & Required<{ _id: unknown; }>)[]'.
app/api/admin/crm/whatsapp/qr-bridge/route.ts(460,152): error TS2339: Property 'userId' does not exist on type 'never'.
app/api/admin/crm/whatsapp/qr/webhook/route.ts(236,59): error TS2345: Argument of type 'string | undefined' is not assignable to parameter of type 'string'.
  Type 'undefined' is not assignable to type 'string'.
app/api/admin/crm/workshop-management/worker/route.ts(159,20): error TS2339: Property 'connected' does not exist on type 'never'.
app/api/admin/crm/workshop-management/worker/route.ts(159,46): error TS2339: Property 'provider' does not exist on type 'never'.
app/api/admin/crm/workshop-management/worker/route.ts(161,27): error TS2339: Property 'smtpHost' does not exist on type 'never'.
app/api/admin/crm/workshop-management/worker/route.ts(162,34): error TS2339: Property 'smtpPort' does not exist on type 'never'.
app/api/admin/crm/workshop-management/worker/route.ts(163,36): error TS2339: Property 'smtpPort' does not exist on type 'never'.
app/api/admin/crm/workshop-management/worker/route.ts(164,35): error TS2339: Property 'smtpUser' does not exist on type 'never'.
app/api/admin/crm/workshop-management/worker/route.ts(164,63): error TS2339: Property 'smtpPass' does not exist on type 'never'.
app/api/admin/crm/workshop-management/worker/route.ts(192,31): error TS18047: 'emailConfig' is possibly 'null'.
app/api/admin/crm/workshop-management/worker/route.ts(192,72): error TS18047: 'emailConfig' is possibly 'null'.
app/api/admin/crm/workshop-management/worker/route.ts(192,97): error TS18047: 'emailConfig' is possibly 'null'.
app/api/admin/crm/workshop-management/worker/route.ts(195,310): error TS18047: 'emailConfig' is possibly 'null'.
app/api/admin/crm/workshop-management/worker/route.ts(228,31): error TS18047: 'emailConfig' is possibly 'null'.
app/api/admin/crm/workshop-management/worker/route.ts(228,72): error TS18047: 'emailConfig' is possibly 'null'.
app/api/admin/crm/workshop-management/worker/route.ts(228,97): error TS18047: 'emailConfig' is possibly 'null'.
app/api/admin/crm/workshop-management/worker/route.ts(231,310): error TS18047: 'emailConfig' is possibly 'null'.
app/api/admin/crm/workshops/dedup-students/route.ts(132,61): error TS2769: No overload matches this call.
  Overload 1 of 4, '(value: string | number | Date): Date', gave the following error.
    Argument of type 'string | number | bigint | ArrayBuffer' is not assignable to parameter of type 'string | number | Date'.
      Type 'bigint' is not assignable to type 'string | number | Date'.
  Overload 2 of 4, '(value: string | number): Date', gave the following error.
    Argument of type 'string | number | bigint | ArrayBuffer' is not assignable to parameter of type 'string | number'.
      Type 'bigint' is not assignable to type 'string | number'.
app/api/admin/crm/workshops/dedup-students/route.ts(132,86): error TS2769: No overload matches this call.
  Overload 1 of 4, '(value: string | number | Date): Date', gave the following error.
    Argument of type 'string | number | bigint | ArrayBuffer' is not assignable to parameter of type 'string | number | Date'.
      Type 'bigint' is not assignable to type 'string | number | Date'.
  Overload 2 of 4, '(value: string | number): Date', gave the following error.
    Argument of type 'string | number | bigint | ArrayBuffer' is not assignable to parameter of type 'string | number'.
      Type 'bigint' is not assignable to type 'string | number'.
app/api/admin/crm/workshops/dedup-students/route.ts(133,57): error TS2769: No overload matches this call.
  Overload 1 of 4, '(value: string | number | Date): Date', gave the following error.
    Argument of type 'string | number | bigint | ArrayBuffer' is not assignable to parameter of type 'string | number | Date'.
      Type 'bigint' is not assignable to type 'string | number | Date'.
  Overload 2 of 4, '(value: string | number): Date', gave the following error.
    Argument of type 'string | number | bigint | ArrayBuffer' is not assignable to parameter of type 'string | number'.
      Type 'bigint' is not assignable to type 'string | number'.
app/api/admin/crm/workshops/dedup-students/route.ts(133,80): error TS2769: No overload matches this call.
  Overload 1 of 4, '(value: string | number | Date): Date', gave the following error.
    Argument of type 'string | number | bigint | ArrayBuffer' is not assignable to parameter of type 'string | number | Date'.
      Type 'bigint' is not assignable to type 'string | number | Date'.
  Overload 2 of 4, '(value: string | number): Date', gave the following error.
    Argument of type 'string | number | bigint | ArrayBuffer' is not assignable to parameter of type 'string | number'.
      Type 'bigint' is not assignable to type 'string | number'.
app/api/admin/crm/workshops/dedup-students/route.ts(176,18): error TS2345: Argument of type '"dedup"' is not assignable to parameter of type 'LogDomain'.
app/api/admin/e-learning/ai-video/jobs/[id]/condense/route.ts(40,49): error TS2345: Argument of type 'string | undefined' is not assignable to parameter of type 'string'.
  Type 'undefined' is not assignable to type 'string'.
app/api/admin/enquiries/import/route.ts(95,49): error TS2554: Expected 1 arguments, but got 0.
app/api/admin/enquiries/import/route.ts(107,63): error TS2554: Expected 1 arguments, but got 0.
app/api/admin/google-forms/sync/route.ts(290,36): error TS2345: Argument of type '{ formData: any; email: string; mobile: string; }' is not assignable to parameter of type '{ id: any; formId: any; name: any; mobile: any; email: any; gender: any; city: any; answers: any; dynamicAnswers: any; paymentStatus: any; amount: number; currency: any; formData: any; submittedAt: any; }'.
  Type '{ formData: any; email: string; mobile: string; }' is missing the following properties from type '{ id: any; formId: any; name: any; mobile: any; email: any; gender: any; city: any; answers: any; dynamicAnswers: any; paymentStatus: any; amount: number; currency: any; formData: any; submittedAt: any; }': id, formId, name, gender, and 7 more.
app/api/admin/social-media/posts/[id]/publish/route.ts(2,10): error TS2614: Module '"@/lib/db"' has no exported member 'sql'. Did you mean to use 'import sql from "@/lib/db"' instead?
app/api/admin/social-media/posts/[id]/publish/route.ts(762,25): error TS2345: Argument of type 'any' is not assignable to parameter of type 'never'.
app/api/admin/social-media/posts/[id]/publish/route.ts(774,49): error TS2339: Property 'platform' does not exist on type 'never'.
app/api/admin/social-media/posts/[id]/publish/route.ts(780,36): error TS2339: Property 'accountId' does not exist on type 'never'.
app/api/admin/social-media/posts/[id]/publish/route.ts(788,52): error TS2339: Property 'accessToken' does not exist on type 'never'.
app/api/admin/social-media/posts/[id]/publish/route.ts(850,21): error TS2339: Property 'refreshToken' does not exist on type 'never'.
app/api/admin/social-media/posts/[id]/publish/route.ts(851,59): error TS2339: Property 'refreshToken' does not exist on type 'never'.
app/api/admin/social-media/posts/route.ts(91,34): error TS2345: Argument of type 'any' is not assignable to parameter of type 'never'.
app/api/admin/social-media/posts/route.ts(112,62): error TS2339: Property '_id' does not exist on type 'never'.
app/api/admin/social-media/youtube/oauth/callback/route.ts(18,9): error TS2304: Cannot find name 'providerError'.
app/api/admin/social-media/youtube/oauth/callback/route.ts(18,45): error TS2304: Cannot find name 'providerError'.
app/api/admin/social-media/youtube/oauth/callback/route.ts(19,10): error TS2304: Cannot find name 'code'.
app/api/admin/social-media/youtube/oauth/callback/route.ts(28,35): error TS18004: No value exists in scope for the shorthand property 'code'. Either declare one or provide an initializer.
app/api/admin/unified-profile/route.ts(116,47): error TS2352: Conversion of type '(FlattenMaps<any> & Required<{ _id: unknown; }>)[] | (FlattenMaps<any> & Required<{ _id: unknown; }>)' to type '{ linkedUserId: string; }' may be a mistake because neither type sufficiently overlaps with the other. If this was intentional, convert the expression to 'unknown' first.
  Property 'linkedUserId' is missing in type 'FlattenMaps<any> & Required<{ _id: unknown; }>' but required in type '{ linkedUserId: string; }'.
app/api/auth/check-user/route.ts(42,7): error TS2322: Type 'UserEntity | null' is not assignable to type 'null'.
  Type 'UserEntity' is not assignable to type 'null'.
app/api/auth/check-user/route.ts(48,9): error TS2322: Type 'UserEntity | null' is not assignable to type 'null'.
  Type 'UserEntity' is not assignable to type 'null'.
app/api/auth/check-user/route.ts(56,28): error TS2339: Property 'name' does not exist on type 'never'.
app/api/auth/check-user/route.ts(58,45): error TS2339: Property 'email' does not exist on type 'never'.
app/api/auth/signup/route.ts(175,63): error TS2554: Expected 1 arguments, but got 0.
app/api/community/join/route.ts(52,9): error TS2554: Expected 1-2 arguments, but got 5.
app/api/community/request-access/route.ts(69,9): error TS2554: Expected 1-2 arguments, but got 5.
app/api/contact/route.ts(26,11): error TS2554: Expected 1-2 arguments, but got 5.
app/api/crm-site/compartment/route.ts(111,35): error TS2339: Property 'setup' does not exist on type '(FlattenMaps<any> & Required<{ _id: unknown; }>)[] | (FlattenMaps<any> & Required<{ _id: unknown; }>)'.
  Property 'setup' does not exist on type '(FlattenMaps<any> & Required<{ _id: unknown; }>)[]'.
app/api/crm-site/compartment/route.ts(113,36): error TS2339: Property 'compartmentId' does not exist on type '(FlattenMaps<any> & Required<{ _id: unknown; }>)[] | (FlattenMaps<any> & Required<{ _id: unknown; }>)'.
  Property 'compartmentId' does not exist on type '(FlattenMaps<any> & Required<{ _id: unknown; }>)[]'.
app/api/crm-site/compartment/route.ts(114,33): error TS2339: Property 'folderName' does not exist on type '(FlattenMaps<any> & Required<{ _id: unknown; }>)[] | (FlattenMaps<any> & Required<{ _id: unknown; }>)'.
  Property 'folderName' does not exist on type '(FlattenMaps<any> & Required<{ _id: unknown; }>)[]'.
app/api/crm-site/compartment/route.ts(115,28): error TS2339: Property 'bunny' does not exist on type '(FlattenMaps<any> & Required<{ _id: unknown; }>)[] | (FlattenMaps<any> & Required<{ _id: unknown; }>)'.
  Property 'bunny' does not exist on type '(FlattenMaps<any> & Required<{ _id: unknown; }>)[]'.
app/api/crm-site/compartment/route.ts(116,30): error TS2339: Property 'storage' does not exist on type '(FlattenMaps<any> & Required<{ _id: unknown; }>)[] | (FlattenMaps<any> & Required<{ _id: unknown; }>)'.
  Property 'storage' does not exist on type '(FlattenMaps<any> & Required<{ _id: unknown; }>)[]'.
app/api/crm-site/compartment/route.ts(117,28): error TS2339: Property 'setup' does not exist on type '(FlattenMaps<any> & Required<{ _id: unknown; }>)[] | (FlattenMaps<any> & Required<{ _id: unknown; }>)'.
  Property 'setup' does not exist on type '(FlattenMaps<any> & Required<{ _id: unknown; }>)[]'.
app/api/crm-site/plan/route.ts(99,64): error TS2339: Property 'createdAt' does not exist on type '(FlattenMaps<any> & Required<{ _id: unknown; }>)[] | (FlattenMaps<any> & Required<{ _id: unknown; }>)'.
  Property 'createdAt' does not exist on type '(FlattenMaps<any> & Required<{ _id: unknown; }>)[]'.
app/api/crm-site/setup-status/route.ts(77,31): error TS2339: Property 'setup' does not exist on type '(FlattenMaps<any> & Required<{ _id: unknown; }>)[] | (FlattenMaps<any> & Required<{ _id: unknown; }>)'.
  Property 'setup' does not exist on type '(FlattenMaps<any> & Required<{ _id: unknown; }>)[]'.
app/api/crm-site/setup-status/route.ts(78,31): error TS2339: Property 'folderName' does not exist on type '(FlattenMaps<any> & Required<{ _id: unknown; }>)[] | (FlattenMaps<any> & Required<{ _id: unknown; }>)'.
  Property 'folderName' does not exist on type '(FlattenMaps<any> & Required<{ _id: unknown; }>)[]'.
app/api/crm-site/setup-status/route.ts(79,34): error TS2339: Property 'compartmentId' does not exist on type '(FlattenMaps<any> & Required<{ _id: unknown; }>)[] | (FlattenMaps<any> & Required<{ _id: unknown; }>)'.
  Property 'compartmentId' does not exist on type '(FlattenMaps<any> & Required<{ _id: unknown; }>)[]'.
app/api/crm-site/setup-status/route.ts(80,39): error TS2339: Property 'bunny' does not exist on type '(FlattenMaps<any> & Required<{ _id: unknown; }>)[] | (FlattenMaps<any> & Required<{ _id: unknown; }>)'.
  Property 'bunny' does not exist on type '(FlattenMaps<any> & Required<{ _id: unknown; }>)[]'.
app/api/crm-site/setup-status/route.ts(81,38): error TS2339: Property 'mongodb' does not exist on type '(FlattenMaps<any> & Required<{ _id: unknown; }>)[] | (FlattenMaps<any> & Required<{ _id: unknown; }>)'.
  Property 'mongodb' does not exist on type '(FlattenMaps<any> & Required<{ _id: unknown; }>)[]'.
app/api/crm-site/setup-status/route.ts(82,35): error TS2339: Property 'storage' does not exist on type '(FlattenMaps<any> & Required<{ _id: unknown; }>)[] | (FlattenMaps<any> & Required<{ _id: unknown; }>)'.
  Property 'storage' does not exist on type '(FlattenMaps<any> & Required<{ _id: unknown; }>)[]'.
app/api/crm-site/setup-status/route.ts(83,34): error TS2339: Property 'storage' does not exist on type '(FlattenMaps<any> & Required<{ _id: unknown; }>)[] | (FlattenMaps<any> & Required<{ _id: unknown; }>)'.
  Property 'storage' does not exist on type '(FlattenMaps<any> & Required<{ _id: unknown; }>)[]'.
app/api/crm-site/setup-status/route.ts(84,32): error TS2339: Property 'storage' does not exist on type '(FlattenMaps<any> & Required<{ _id: unknown; }>)[] | (FlattenMaps<any> & Required<{ _id: unknown; }>)'.
  Property 'storage' does not exist on type '(FlattenMaps<any> & Required<{ _id: unknown; }>)[]'.
app/api/crm-site/setup-status/route.ts(85,26): error TS2339: Property 'setup' does not exist on type '(FlattenMaps<any> & Required<{ _id: unknown; }>)[] | (FlattenMaps<any> & Required<{ _id: unknown; }>)'.
  Property 'setup' does not exist on type '(FlattenMaps<any> & Required<{ _id: unknown; }>)[]'.
app/api/crm-site/tickets/route.ts(141,9): error TS2304: Cannot find name 'USE_BUNNY_DATABASE_ONLY'.
app/api/cron/meta-leads-sync/route.ts(65,24): error TS2345: Argument of type '{ formId: any; error: any; }' is not assignable to parameter of type 'never'.
app/api/cron/meta-leads-sync/route.ts(86,31): error TS2345: Argument of type '{ name: any; values: any; }' is not assignable to parameter of type 'never'.
app/api/cron/meta-leads-sync/route.ts(99,60): error TS2339: Property 'name' does not exist on type 'never'.
app/api/cron/meta-leads-sync/route.ts(100,60): error TS2339: Property 'name' does not exist on type 'never'.
app/api/cron/meta-leads-sync/route.ts(146,15): error TS2698: Spread types may only be created from object types.
app/api/cron/meta-leads-sync/route.ts(147,51): error TS2339: Property 'workshopId' does not exist on type 'never'.
app/api/cron/meta-leads-sync/route.ts(148,55): error TS2339: Property 'workshopName' does not exist on type 'never'.
app/api/cron/meta-leads-sync/route.ts(150,30): error TS2339: Property 'metadata' does not exist on type 'never'.
app/api/cron/meta-leads-sync/route.ts(155,56): error TS2339: Property 'labels' does not exist on type 'never'.
app/api/cron/meta-leads-sync/route.ts(156,25): error TS2339: Property '_id' does not exist on type 'never'.
app/api/cron/meta-leads-sync/route.ts(156,41): error TS2339: Property 'id' does not exist on type 'never'.
app/api/cron/meta-leads-sync/route.ts(162,22): error TS2345: Argument of type '{ formId: any; workshopId: any; syncedCount: number; totalFetched: any; }' is not assignable to parameter of type 'never'.
app/api/cron/meta-leads-sync/route.ts(165,22): error TS2345: Argument of type '{ formId: any; error: any; }' is not assignable to parameter of type 'never'.
app/api/enquiries/route.ts(102,47): error TS2554: Expected 1 arguments, but got 0.
app/api/enquiries/route.ts(132,61): error TS2554: Expected 1 arguments, but got 0.
app/api/enquiries/search/route.ts(32,9): error TS2322: Type '{ name: Value; email: Value; mobile: string; gender: Value; city: Value; dynamicAnswers: any; }' is not assignable to type 'null'.
app/api/enquiries/search/route.ts(75,7): error TS2322: Type '{ name: any; email: any; mobile: any; gender: any; city: any; dynamicAnswers: any; }' is not assignable to type 'null'.
app/api/forms/submit/route.ts(506,59): error TS2554: Expected 1 arguments, but got 0.
app/api/health/route.ts(80,21): error TS2554: Expected 0 arguments, but got 1.
app/api/health/route.ts(81,21): error TS2554: Expected 0 arguments, but got 1.
app/api/health/route.ts(84,23): error TS2339: Property 'total' does not exist on type '{}'.
app/api/health/route.ts(85,25): error TS2339: Property 'total' does not exist on type '{}'.
app/api/health/route.ts(86,26): error TS2339: Property 'critical' does not exist on type '{}'.
app/api/leads/my-details/route.ts(98,38): error TS2554: Expected 1 arguments, but got 0.
app/api/leads/my-details/route.ts(104,36): error TS2554: Expected 1 arguments, but got 0.
app/api/payments/cashfree/webhook/route.ts(81,28): error TS2345: Argument of type 'string' is not assignable to parameter of type '`${string}-${string}-${string}-${string}-${string}`'.
app/api/payments/cashfree/webhook/route.ts(97,32): error TS2345: Argument of type 'string' is not assignable to parameter of type '`${string}-${string}-${string}-${string}-${string}`'.
app/api/sadhana/live/[slug]/chat-by-date/route.ts(76,56): error TS2345: Argument of type 'string | number | bigint | ArrayBuffer' is not assignable to parameter of type 'string'.
  Type 'number' is not assignable to type 'string'.
app/api/sadhana/live/[slug]/chat-by-date/route.ts(81,69): error TS2365: Operator '+' cannot be applied to types 'number' and 'string | number | bigint | ArrayBuffer'.
app/api/sadhana/live/[slug]/chat-by-date/route.ts(90,9): error TS2769: No overload matches this call.
  Overload 1 of 2, '(locales?: LocalesArgument, options?: DateTimeFormatOptions | undefined): DateTimeFormat', gave the following error.
    Type 'string | number | bigint | ArrayBuffer' is not assignable to type 'string | undefined'.
      Type 'number' is not assignable to type 'string'.
  Overload 2 of 2, '(locales?: string | string[] | undefined, options?: DateTimeFormatOptions | undefined): DateTimeFormat', gave the following error.
    Type 'string | number | bigint | ArrayBuffer' is not assignable to type 'string | undefined'.
      Type 'number' is not assignable to type 'string'.
app/api/sadhana/live/[slug]/participants-by-date/route.ts(35,34): error TS2345: Argument of type 'string | number | bigint | ArrayBuffer' is not assignable to parameter of type 'string'.
  Type 'number' is not assignable to type 'string'.
app/api/sadhana/live/[slug]/participants-by-date/route.ts(65,48): error TS2345: Argument of type 'string | number | bigint | ArrayBuffer' is not assignable to parameter of type 'string'.
  Type 'number' is not assignable to type 'string'.
app/api/sadhana/live/[slug]/participants-by-date/route.ts(68,56): error TS2362: The left-hand side of an arithmetic operation must be of type 'any', 'number', 'bigint' or an enum type.
app/api/sadhana/live/[slug]/participants-by-date/route.ts(68,56): error TS2365: Operator '*' cannot be applied to types 'string | number | bigint | ArrayBuffer' and 'number'.
app/api/sadhana/live/[slug]/participants-by-date/route.ts(69,54): error TS2362: The left-hand side of an arithmetic operation must be of type 'any', 'number', 'bigint' or an enum type.
app/api/sadhana/live/[slug]/participants-by-date/route.ts(69,54): error TS2365: Operator '*' cannot be applied to types 'string | number | bigint | ArrayBuffer' and 'number'.
app/api/sadhana/live/[slug]/participants-by-date/route.ts(124,52): error TS2345: Argument of type 'string | number | bigint | ArrayBuffer' is not assignable to parameter of type 'string'.
  Type 'number' is not assignable to type 'string'.
app/api/sadhana/live/[slug]/participants-by-date/route.ts(139,51): error TS2322: Type 'string | number | bigint | ArrayBuffer' is not assignable to type 'string | undefined'.
  Type 'number' is not assignable to type 'string'.
app/api/sadhana/live/[slug]/participants-by-month/route.ts(69,49): error TS2769: No overload matches this call.
  Overload 1 of 4, '(value: string | number | Date): Date', gave the following error.
    Argument of type 'string | number | bigint | ArrayBuffer' is not assignable to parameter of type 'string | number | Date'.
      Type 'bigint' is not assignable to type 'string | number | Date'.
  Overload 2 of 4, '(value: string | number): Date', gave the following error.
    Argument of type 'string | number | bigint | ArrayBuffer' is not assignable to parameter of type 'string | number'.
      Type 'bigint' is not assignable to type 'string | number'.
app/api/sadhana/live/[slug]/participants-by-month/route.ts(72,67): error TS2769: No overload matches this call.
  Overload 1 of 3, '(locales?: LocalesArgument, options?: DateTimeFormatOptions | undefined): string', gave the following error.
    Type 'string | number | bigint | ArrayBuffer' is not assignable to type 'string | undefined'.
      Type 'number' is not assignable to type 'string'.
  Overload 2 of 3, '(locales?: string | string[] | undefined, options?: DateTimeFormatOptions | undefined): string', gave the following error.
    Type 'string | number | bigint | ArrayBuffer' is not assignable to type 'string | undefined'.
      Type 'number' is not assignable to type 'string'.
app/api/webhooks/meta/leadgen/route.ts(160,57): error TS2345: Argument of type 'null' is not assignable to parameter of type 'string'.
app/api/whatsapp/qr/webhook/route.ts(310,61): error TS2345: Argument of type 'string | undefined' is not assignable to parameter of type 'string'.
  Type 'undefined' is not assignable to type 'string'.
app/api/whatsapp/qr/webhook/route.ts(491,11): error TS18004: No value exists in scope for the shorthand property 'chatJid'. Either declare one or provide an initializer.
app/api/whatsapp/webhook/route.ts(296,44): error TS2554: Expected 1 arguments, but got 0.
app/api/workshops/route.ts(43,11): error TS2322: Type 'BunnyWorkshopStudent' is not assignable to type 'null'.
app/api/youth-workshop/register/route.ts(45,38): error TS2554: Expected 1 arguments, but got 0.
app/api/youth-workshop/register/route.ts(69,36): error TS2554: Expected 1 arguments, but got 0.
app/sadhana/community/private-videos/[videoId]/page.tsx(59,50): error TS2339: Property 'videoId' does not exist on type 'Promise<{ videoId: string; }> | { videoId: string; }'.
  Property 'videoId' does not exist on type 'Promise<{ videoId: string; }>'.
app/sadhana/community/private-videos/[videoId]/page.tsx(75,14): error TS2339: Property 'videoId' does not exist on type 'Promise<{ videoId: string; }> | { videoId: string; }'.
  Property 'videoId' does not exist on type 'Promise<{ videoId: string; }>'.
app/workshop-join/[formId]/JoinFormClient.tsx(220,81): error TS18004: No value exists in scope for the shorthand property 'city'. Either declare one or provide an initializer.
app/workshop-join/[formId]/JoinFormClient.tsx(251,81): error TS18004: No value exists in scope for the shorthand property 'city'. Either declare one or provide an initializer.
components/ActionPlanModal.tsx(114,7): error TS2353: Object literal may only specify known properties, and 'amount' does not exist in type 'Milestone'.
components/ActionPlanModal.tsx(543,30): error TS2339: Property 'amount' does not exist on type 'Milestone'.
components/ActionPlanModal.tsx(547,17): error TS2353: Object literal may only specify known properties, and 'amount' does not exist in type 'Milestone'.
components/admin/crm/PlanComponents.tsx(102,15): error TS18047: 'price.monthly' is possibly 'null'.
components/admin/crm/PlanComponents.tsx(238,70): error TS18047: 'price.monthly' is possibly 'null'.
components/admin/crm/PlanComponents.tsx(459,9): error TS2739: Type '{ leads: { title: string; description: string; }[]; whatsapp: { title: string; description: string; }[]; broadcasting: { title: string; description: string; }[]; chatbot: { title: string; description: string; }[]; ... 10 more ...; customDomain: { ...; }[]; }' is missing the following properties from type 'Record<CrmModule, { title: string; description: string; }[]>': accounting, lifePlanner
components/admin/crm/ZoomMeetingSetupCalendar.tsx(134,19): error TS2345: Argument of type '{ label: string; totalSlots: number; slots: { date: string; time: string; link: string; }[]; }' is not assignable to parameter of type 'never'.
components/admin/crm/ZoomMeetingSetupCalendar.tsx(179,42): error TS2339: Property 'label' does not exist on type 'never'.
components/admin/crm/ZoomMeetingSetupCalendar.tsx(180,43): error TS2339: Property 'slots' does not exist on type 'never'.
components/admin/crm/ZoomMeetingSetupCalendar.tsx(184,81): error TS2339: Property 'label' does not exist on type 'never'.
components/admin/crm/ZoomMeetingSetupCalendar.tsx(185,64): error TS2339: Property 'totalSlots' does not exist on type 'never'.
components/AdminSidebar.tsx(373,11): error TS2353: Object literal may only specify known properties, and 'items' does not exist in type 'SidebarItem'.
components/BunnyVideoPlayer.tsx(30,17): error TS2339: Property 'playerjs' does not exist on type 'Window & typeof globalThis'.
components/EnhancedVisionBuilder.tsx(24,52): error TS2345: Argument of type '{ id: string; title: string; description: string; imageUrl: string; startDate: string; endDate: string; category: VisionCategory; priority: "high" | "low" | "medium"; status: "completed" | ... 2 more ... | "on-hold"; ... 8 more ...; updatedAt: string; }' is not assignable to parameter of type 'Vision | (() => Vision)'.
  Property 'completed' is missing in type '{ id: string; title: string; description: string; imageUrl: string; startDate: string; endDate: string; category: VisionCategory; priority: "high" | "low" | "medium"; status: "completed" | ... 2 more ... | "on-hold"; ... 8 more ...; updatedAt: string; }' but required in type 'Vision'.
components/EnhancedVisionBuilder.tsx(109,19): error TS2345: Argument of type '(prev: Vision) => { goals: (Goal | { id: string; title: string; visionId: string; description: string; startDate: string | undefined; targetDate: string | undefined; priority: "medium"; status: "not-started"; progress: number; createdAt: string; updatedAt: string; })[]; ... 22 more ...; updatedAt: string; }' is not assignable to parameter of type 'SetStateAction<Vision>'.
  Type '(prev: Vision) => { goals: (Goal | { id: string; title: string; visionId: string; description: string; startDate: string | undefined; targetDate: string | undefined; priority: "medium"; status: "not-started"; progress: number; createdAt: string; updatedAt: string; })[]; ... 22 more ...; updatedAt: string; }' is not assignable to type '(prevState: Vision) => Vision'.
    Call signature return types '{ goals: (Goal | { id: string; title: string; visionId: string; description: string; startDate: string | undefined; targetDate: string | undefined; priority: "medium"; status: "not-started"; progress: number; createdAt: string; updatedAt: string; })[]; ... 22 more ...; updatedAt: string; }' and 'Vision' are incompatible.
      The types of 'goals' are incompatible between these types.
        Type '(Goal | { id: string; title: string; visionId: string; description: string; startDate: string | undefined; targetDate: string | undefined; priority: "medium"; status: "not-started"; progress: number; createdAt: string; updatedAt: string; })[]' is not assignable to type 'Goal[]'.
          Type 'Goal | { id: string; title: string; visionId: string; description: string; startDate: string | undefined; targetDate: string | undefined; priority: "medium"; status: "not-started"; progress: number; createdAt: string; updatedAt: string; }' is not assignable to type 'Goal'.
            Property 'completed' is missing in type '{ id: string; title: string; visionId: string; description: string; startDate: string | undefined; targetDate: string | undefined; priority: "medium"; status: "not-started"; progress: number; createdAt: string; updatedAt: string; }' but required in type 'Goal'.
components/EnhancedVisionBuilder.tsx(208,19): error TS2345: Argument of type '(prev: Vision) => { words: (Word | { id: string; title: string; content: string; category: string; color: string; createdAt: string; updatedAt: string; })[]; id: string; title: string; ... 20 more ...; updatedAt: string; }' is not assignable to parameter of type 'SetStateAction<Vision>'.
  Type '(prev: Vision) => { words: (Word | { id: string; title: string; content: string; category: string; color: string; createdAt: string; updatedAt: string; })[]; id: string; title: string; ... 20 more ...; updatedAt: string; }' is not assignable to type '(prevState: Vision) => Vision'.
    Call signature return types '{ words: (Word | { id: string; title: string; content: string; category: string; color: string; createdAt: string; updatedAt: string; })[]; id: string; title: string; category: VisionCategory; ... 19 more ...; updatedAt: string; }' and 'Vision' are incompatible.
      The types of 'words' are incompatible between these types.
        Type '(Word | { id: string; title: string; content: string; category: string; color: string; createdAt: string; updatedAt: string; })[]' is not assignable to type 'Word[]'.
          Type 'Word | { id: string; title: string; content: string; category: string; color: string; createdAt: string; updatedAt: string; }' is not assignable to type 'Word'.
            Property 'completed' is missing in type '{ id: string; title: string; content: string; category: string; color: string; createdAt: string; updatedAt: string; }' but required in type 'Word'.
components/GoalManager.tsx(31,90): error TS2345: Argument of type '{ title: string; description: string; visionId: string; startDate: string; targetDate: string; budget: undefined; priority: "medium"; status: "not-started"; progress: number; imageUrl: string; }' is not assignable to parameter of type 'Omit<Goal, "id" | "createdAt" | "updatedAt"> | (() => Omit<Goal, "id" | "createdAt" | "updatedAt">)'.
  Property 'completed' is missing in type '{ title: string; description: string; visionId: string; startDate: string; targetDate: string; budget: undefined; priority: "medium"; status: "not-started"; progress: number; imageUrl: string; }' but required in type 'Omit<Goal, "id" | "createdAt" | "updatedAt">'.
components/GoalManager.tsx(45,17): error TS2345: Argument of type '{ title: string; description: string; visionId: string; startDate: string; targetDate: string; budget: undefined; priority: "medium"; status: "not-started"; progress: number; imageUrl: string; }' is not assignable to parameter of type 'SetStateAction<Omit<Goal, "id" | "createdAt" | "updatedAt">>'.
  Property 'completed' is missing in type '{ title: string; description: string; visionId: string; startDate: string; targetDate: string; budget: undefined; priority: "medium"; status: "not-started"; progress: number; imageUrl: string; }' but required in type 'Omit<Goal, "id" | "createdAt" | "updatedAt">'.
components/GoalManager.tsx(84,17): error TS2345: Argument of type '{ title: string; description: string | undefined; visionId: string; startDate: string | undefined; targetDate: string | undefined; budget: number | undefined; priority: "high" | "low" | "medium"; status: "completed" | ... 2 more ... | "on-hold"; progress: number; imageUrl: string | undefined; }' is not assignable to parameter of type 'SetStateAction<Omit<Goal, "id" | "createdAt" | "updatedAt">>'.
  Property 'completed' is missing in type '{ title: string; description: string | undefined; visionId: string; startDate: string | undefined; targetDate: string | undefined; budget: number | undefined; priority: "high" | "low" | "medium"; status: "completed" | ... 2 more ... | "on-hold"; progress: number; imageUrl: string | undefined; }' but required in type 'Omit<Goal, "id" | "createdAt" | "updatedAt">'.
components/VisionForm.tsx(33,24): error TS2339: Property 'date' does not exist on type 'Vision'.
components/VisionForm.tsx(34,24): error TS2339: Property 'time' does not exist on type 'Vision'.
components/VisionForm.tsx(35,25): error TS2339: Property 'place' does not exist on type 'Vision'.
components/VisionForm.tsx(108,7): error TS2353: Object literal may only specify known properties, and 'date' does not exist in type 'Vision'.
components/VisionFormWithCategories.tsx(141,12): error TS2345: Argument of type '{ title: string; description: string; category: (typeof VISION_CATEGORIES)[number]; imageUrl: string; categoryImageUrl: string; startDate: string; endDate: string; priority: "low" | "medium" | "high"; ... 6 more ...; words: Word[]; }' is not assignable to parameter of type 'Omit<Vision, "id" | "createdAt" | "updatedAt">'.
  Property 'completed' is missing in type '{ title: string; description: string; category: (typeof VISION_CATEGORIES)[number]; imageUrl: string; categoryImageUrl: string; startDate: string; endDate: string; priority: "low" | "medium" | "high"; ... 6 more ...; words: Word[]; }' but required in type 'Omit<Vision, "id" | "createdAt" | "updatedAt">'.
lib/backup/bunny-client.ts(43,11): error TS2353: Object literal may only specify known properties, and 'timeout' does not exist in type 'RequestInit'.
lib/backup/bunny-client.ts(87,11): error TS2353: Object literal may only specify known properties, and 'timeout' does not exist in type 'RequestInit'.
lib/backup/bunny-client.ts(160,11): error TS2353: Object literal may only specify known properties, and 'timeout' does not exist in type 'RequestInit'.
lib/backup/index.ts(46,35): error TS2554: Expected 0 arguments, but got 1.
lib/broadcastRuns.ts(321,33): error TS2552: Cannot find name 'BroadcastRunMessage'. Did you mean 'broadcastRunMessageFind'?
lib/broadcastRuns.ts(341,17): error TS2552: Cannot find name 'BroadcastRunMessage'. Did you mean 'broadcastRunMessageFind'?
lib/broadcastRuns.ts(351,19): error TS2552: Cannot find name 'BroadcastRun'. Did you mean 'broadcastRunFind'?
lib/broadcastRuns.ts(362,17): error TS2552: Cannot find name 'BroadcastRunMessage'. Did you mean 'broadcastRunMessageFind'?
lib/broadcastRuns.ts(375,42): error TS2552: Cannot find name 'WhatsAppMessage'. Did you mean 'getQrWhatsAppMessage'?
lib/broadcastRuns.ts(382,17): error TS2552: Cannot find name 'BroadcastRunMessage'. Did you mean 'broadcastRunMessageFind'?
lib/broadcastRuns.ts(395,17): error TS2304: Cannot find name 'BroadcastRunMessage'.
lib/broadcastRuns.ts(419,19): error TS2304: Cannot find name 'BroadcastRun'.
lib/broadcastRuns.ts(426,17): error TS2304: Cannot find name 'BroadcastRunMessage'.
lib/broadcastRuns.ts(443,19): error TS2304: Cannot find name 'BroadcastRun'.
lib/broadcastRuns.ts(450,17): error TS2304: Cannot find name 'BroadcastRunMessage'.
lib/broadcastRuns.ts(463,29): error TS2304: Cannot find name 'BroadcastRunMessage'.
lib/broadcastRuns.ts(504,29): error TS2304: Cannot find name 'WhatsAppMessage'.
lib/broadcastRuns.ts(548,19): error TS2304: Cannot find name 'WhatsAppMessage'.
lib/broadcastRuns.ts(566,17): error TS2304: Cannot find name 'BroadcastRunMessage'.
lib/broadcastRuns.ts(613,19): error TS2304: Cannot find name 'BroadcastRun'.
lib/broadcastRuns.ts(632,23): error TS2304: Cannot find name 'CRMUserSettings'.
lib/broadcastRuns.ts(770,23): error TS2304: Cannot find name 'BroadcastRunMessage'.
lib/broadcastRuns.ts(927,25): error TS2304: Cannot find name 'CRMUserSettings'.
lib/broadcastRuns.ts(992,41): error TS2304: Cannot find name 'Lead'.
lib/broadcastRuns.ts(995,23): error TS2304: Cannot find name 'DeletedLead'.
lib/broadcastRuns.ts(1014,23): error TS2304: Cannot find name 'Lead'.
lib/broadcastRuns.ts(1033,19): error TS2304: Cannot find name 'WhatsAppMessage'.
lib/broadcastRuns.ts(1045,17): error TS2304: Cannot find name 'BroadcastRunMessage'.
lib/broadcastRuns.ts(1068,19): error TS2304: Cannot find name 'BroadcastRun'.
lib/broadcastRuns.ts(1088,25): error TS2304: Cannot find name 'CRMUserSettings'.
lib/broadcastRuns.ts(1110,19): error TS2304: Cannot find name 'BroadcastRun'.
lib/broadcastRuns.ts(1127,17): error TS2304: Cannot find name 'BroadcastRun'.
lib/broadcastRuns.ts(1132,17): error TS2304: Cannot find name 'BroadcastRun'.
lib/broadcastRuns.ts(1146,13): error TS2304: Cannot find name 'BroadcastRun'.
lib/broadcastRuns.ts(1165,9): error TS2304: Cannot find name 'connectDB'.
lib/broadcastRuns.ts(1167,21): error TS2304: Cannot find name 'BroadcastRun'.
lib/broadcastRuns.ts(1207,9): error TS2304: Cannot find name 'BroadcastRun'.
lib/bunny-storage.ts(673,9): error TS2769: No overload matches this call.
  Overload 1 of 2, '(input: string | URL | Request, init?: RequestInit | undefined): Promise<Response>', gave the following error.
    Type 'Buffer<ArrayBufferLike>' is not assignable to type 'BodyInit | null | undefined'.
      Type 'Buffer<ArrayBufferLike>' is missing the following properties from type 'URLSearchParams': size, append, delete, get, and 2 more.
  Overload 2 of 2, '(input: URL | RequestInfo, init?: RequestInit | undefined): Promise<Response>', gave the following error.
    Type 'Buffer<ArrayBufferLike>' is not assignable to type 'BodyInit | null | undefined'.
      Type 'Buffer<ArrayBufferLike>' is missing the following properties from type 'URLSearchParams': size, append, delete, get, and 2 more.
lib/bunny/bunnyUpload.ts(69,7): error TS2769: No overload matches this call.
  Overload 1 of 2, '(input: string | URL | Request, init?: RequestInit | undefined): Promise<Response>', gave the following error.
    Type 'Buffer<ArrayBufferLike>' is not assignable to type 'BodyInit | null | undefined'.
      Type 'Buffer<ArrayBufferLike>' is missing the following properties from type 'URLSearchParams': size, append, delete, get, and 2 more.
  Overload 2 of 2, '(input: URL | RequestInfo, init?: RequestInit | undefined): Promise<Response>', gave the following error.
    Type 'Buffer<ArrayBufferLike>' is not assignable to type 'BodyInit | null | undefined'.
      Type 'Buffer<ArrayBufferLike>' is missing the following properties from type 'URLSearchParams': size, append, delete, get, and 2 more.
lib/bunnyArchiver.ts(168,55): error TS2339: Property 'slice' does not exist on type 'string | number | bigint | ArrayBuffer'.
  Property 'slice' does not exist on type 'number'.
lib/bunnyLeadsRepository.ts(154,20): error TS2345: Argument of type 'any' is not assignable to parameter of type 'never'.
lib/bunnyQrWhatsAppRepository.ts(66,5): error TS2554: Expected 1 arguments, but got 2.
lib/bunnyQrWhatsAppRepository.ts(91,5): error TS2554: Expected 1 arguments, but got 2.
lib/course-certificate-generator.ts(72,5): error TS2353: Object literal may only specify known properties, and 'color' does not exist in type 'PDFGradient | [PDFTilingPattern, TilingPatternColorValue] | [number, number, number] | [number, number, number, number]'.
lib/course-certificate-generator.ts(104,5): error TS2353: Object literal may only specify known properties, and 'color' does not exist in type 'PDFGradient | [PDFTilingPattern, TilingPatternColorValue] | [number, number, number] | [number, number, number, number]'.
lib/course-certificate-generator.ts(163,5): error TS2353: Object literal may only specify known properties, and 'color' does not exist in type 'PDFGradient | [PDFTilingPattern, TilingPatternColorValue] | [number, number, number] | [number, number, number, number]'.
lib/course-certificate-generator.ts(175,5): error TS2353: Object literal may only specify known properties, and 'color' does not exist in type 'PDFGradient | [PDFTilingPattern, TilingPatternColorValue] | [number, number, number] | [number, number, number, number]'.
lib/crm/apiGuards.ts(16,31): error TS2307: Cannot find module './planConfig' or its corresponding type declarations.
lib/crm/apiGuards.ts(42,28): error TS2339: Property 'plan' does not exist on type 'TokenPayload'.
lib/crm/autoLead.ts(72,34): error TS2554: Expected 1 arguments, but got 0.
lib/crm/planGuards.ts(14,31): error TS2307: Cannot find module './planConfig' or its corresponding type declarations.
lib/crm/planGuards.ts(15,30): error TS2307: Cannot find module './planConfig' or its corresponding type declarations.
lib/emailBunnyRepository.ts(254,15): error TS2345: Argument of type 'string' is not assignable to parameter of type 'never'.
lib/errorTracking.ts(38,9): error TS1117: An object literal cannot have multiple properties with the same name.
lib/lifePlannerMongoStorage.ts(159,37): error TS2339: Property 'Authorization' does not exist on type '{ 'Content-Type': string; }'.
lib/models/FormDraft.ts(27,5): error TS2322: Type '{ type: ArrayConstructor; default: never[]; }' is not assignable to type 'SchemaDefinitionProperty<any[], IFormDraft> | undefined'.
  Types of property 'type' are incompatible.
    Type 'ArrayConstructor' is not assignable to type 'typeof Mixed | AnyArray<ObjectIdSchemaDefinition> | AnyArray<SchemaTypeOptions<ObjectId, IFormDraft>> | undefined'.
      Type 'ArrayConstructor' is missing the following properties from type 'typeof Mixed': schemaName, cast, checkRequired, set, get
lib/qrBackupService.ts(30,9): error TS2322: Type 'string' is not assignable to type 'ObjectId'.
lib/qrBackupService.ts(117,11): error TS2322: Type 'string' is not assignable to type 'Condition<ObjectId> | undefined'.
lib/qrContactsSync.ts(78,29): error TS2345: Argument of type '{ userId: string; googleContactId: string; name: string; phone: string; email: string; syncedAt: Date; source: string; }' is not assignable to parameter of type 'never'.
lib/sadhanaAnalyticsService.ts(212,28): error TS2345: Argument of type '{ date: any; timeSlot: any; participants: any; averageDuration: any; rating: any; videoQuality: any; recorded: any; }' is not assignable to parameter of type 'never'.
lib/sadhanaRecordingService.ts(278,20): error TS2345: Argument of type '{ success: boolean; cdnUrl?: string | undefined; message: string; }' is not assignable to parameter of type 'never'.
lib/sadhanaRecordingService.ts(281,48): error TS2339: Property 'success' does not exist on type 'never'.
lib/sadhanaSchedulerService.ts(142,7): error TS2322: Type 'string | null' is not assignable to type 'string | undefined'.
  Type 'null' is not assignable to type 'string | undefined'.
lib/sadhanaSchedulerService.ts(150,11): error TS2554: Expected 2 arguments, but got 1.
lib/sadhanaSchedulerService.ts(165,11): error TS2554: Expected 2 arguments, but got 1.
lib/sadhanaSchedulerService.ts(185,32): error TS2345: Argument of type '{ meetingId: string; meetingPassword: string | null; videoDurationMinutes: number; }' is not assignable to parameter of type 'string'.
